Java HotSpot(TM) 64-Bit Server VM (25.191-b12) for windows-amd64 JRE (1.8.0_191-b12), built on Oct  6 2018 09:29:03 by "java_re" with MS VC++ 10.0 (VS2010)
Memory: 4k page, physical 15662732k(6963016k free), swap 25263100k(11476152k free)
CommandLine flags: -XX:GCLogFileSize=10485760 -XX:InitialHeapSize=10485760 -XX:InitialTenuringThreshold=5 -XX:+ManagementServer -XX:MaxHeapSize=10485760 -XX:MaxNewSize=5242880 -XX:MaxTenuringThreshold=5 -XX:NewSize=5242880 -XX:NumberOfGCLogFiles=10 -XX:+PrintGC -XX:+PrintGCApplicationStoppedTime -XX:+PrintGCDateStamps -XX:+PrintGCDetails -XX:+PrintGCTimeStamps -XX:+PrintHeapAtGC -XX:+PrintReferenceGC -XX:+PrintSafepointStatistics -XX:PrintSafepointStatisticsCount=1 -XX:+PrintTenuringDistribution -XX:SurvivorRatio=8 -XX:TargetSurvivorRatio=50 -XX:+UseCompressedClassPointers -XX:+UseCompressedOops -XX:+UseGCLogFileRotation -XX:-UseLargePagesIndividualAllocation -XX:+UseParallelGC 
{Heap before GC invocations=1 (full 0):
 PSYoungGen      total 4608K, used 4096K [0x00000000ffb00000, 0x0000000100000000, 0x0000000100000000)
  eden space 4096K, 100% used [0x00000000ffb00000,0x00000000fff00000,0x00000000fff00000)
  from space 512K, 0% used [0x00000000fff80000,0x00000000fff80000,0x0000000100000000)
  to   space 512K, 0% used [0x00000000fff00000,0x00000000fff00000,0x00000000fff80000)
 ParOldGen       total 5120K, used 0K [0x00000000ff600000, 0x00000000ffb00000, 0x00000000ffb00000)
  object space 5120K, 0% used [0x00000000ff600000,0x00000000ff600000,0x00000000ffb00000)
 Metaspace       used 5103K, capacity 5190K, committed 5248K, reserved 1056768K
  class space    used 592K, capacity 618K, committed 640K, reserved 1048576K
2022-03-28T22:50:45.426+0800: 0.306: [GC (Allocation Failure) 2022-03-28T22:50:45.427+0800: 0.308: [SoftReference, 0 refs, 0.0000600 secs]2022-03-28T22:50:45.428+0800: 0.308: [WeakReference, 7 refs, 0.0000124 secs]2022-03-28T22:50:45.428+0800: 0.308: [FinalReference, 0 refs, 0.0000114 secs]2022-03-28T22:50:45.428+0800: 0.308: [PhantomReference, 0 refs, 0 refs, 0.0000097 secs]2022-03-28T22:50:45.428+0800: 0.308: [JNI Weak Reference, 0.0000152 secs]
Desired survivor size 524288 bytes, new threshold 5 (max 5)
[PSYoungGen: 4096K->488K(4608K)] 4096K->1135K(9728K), 0.0020441 secs] [Times: user=0.00 sys=0.00, real=0.00 secs] 
Heap after GC invocations=1 (full 0):
 PSYoungGen      total 4608K, used 488K [0x00000000ffb00000, 0x0000000100000000, 0x0000000100000000)
  eden space 4096K, 0% used [0x00000000ffb00000,0x00000000ffb00000,0x00000000fff00000)
  from space 512K, 95% used [0x00000000fff00000,0x00000000fff7a020,0x00000000fff80000)
  to   space 512K, 0% used [0x00000000fff80000,0x00000000fff80000,0x0000000100000000)
 ParOldGen       total 5120K, used 647K [0x00000000ff600000, 0x00000000ffb00000, 0x00000000ffb00000)
  object space 5120K, 12% used [0x00000000ff600000,0x00000000ff6a1d88,0x00000000ffb00000)
 Metaspace       used 5103K, capacity 5190K, committed 5248K, reserved 1056768K
  class space    used 592K, capacity 618K, committed 640K, reserved 1048576K
}
2022-03-28T22:50:45.428+0800: 0.309: Total time for which application threads were stopped: 0.0023676 seconds, Stopping threads took: 0.0000416 seconds
2022-03-28T22:50:45.446+0800: 0.326: Total time for which application threads were stopped: 0.0001752 seconds, Stopping threads took: 0.0000226 seconds
{Heap before GC invocations=2 (full 0):
 PSYoungGen      total 4608K, used 4584K [0x00000000ffb00000, 0x0000000100000000, 0x0000000100000000)
  eden space 4096K, 100% used [0x00000000ffb00000,0x00000000fff00000,0x00000000fff00000)
  from space 512K, 95% used [0x00000000fff00000,0x00000000fff7a020,0x00000000fff80000)
  to   space 512K, 0% used [0x00000000fff80000,0x00000000fff80000,0x0000000100000000)
 ParOldGen       total 5120K, used 647K [0x00000000ff600000, 0x00000000ffb00000, 0x00000000ffb00000)
  object space 5120K, 12% used [0x00000000ff600000,0x00000000ff6a1d88,0x00000000ffb00000)
 Metaspace       used 7024K, capacity 7128K, committed 7296K, reserved 1056768K
  class space    used 824K, capacity 883K, committed 896K, reserved 1048576K
2022-03-28T22:50:46.370+0800: 1.250: [GC (Allocation Failure) 2022-03-28T22:50:46.370+0800: 1.251: [SoftReference, 0 refs, 0.0000533 secs]2022-03-28T22:50:46.371+0800: 1.251: [WeakReference, 149 refs, 0.0000236 secs]2022-03-28T22:50:46.371+0800: 1.251: [FinalReference, 3 refs, 0.0000134 secs]2022-03-28T22:50:46.371+0800: 1.251: [PhantomReference, 0 refs, 1 refs, 0.0000094 secs]2022-03-28T22:50:46.371+0800: 1.251: [JNI Weak Reference, 0.0000140 secs]
Desired survivor size 524288 bytes, new threshold 5 (max 5)
[PSYoungGen: 4584K->488K(4608K)] 5231K->1519K(9728K), 0.0012014 secs] [Times: user=0.02 sys=0.00, real=0.00 secs] 
Heap after GC invocations=2 (full 0):
 PSYoungGen      total 4608K, used 488K [0x00000000ffb00000, 0x0000000100000000, 0x0000000100000000)
  eden space 4096K, 0% used [0x00000000ffb00000,0x00000000ffb00000,0x00000000fff00000)
  from space 512K, 95% used [0x00000000fff80000,0x00000000ffffa020,0x0000000100000000)
  to   space 512K, 0% used [0x00000000fff00000,0x00000000fff00000,0x00000000fff80000)
 ParOldGen       total 5120K, used 1031K [0x00000000ff600000, 0x00000000ffb00000, 0x00000000ffb00000)
  object space 5120K, 20% used [0x00000000ff600000,0x00000000ff701db8,0x00000000ffb00000)
 Metaspace       used 7024K, capacity 7128K, committed 7296K, reserved 1056768K
  class space    used 824K, capacity 883K, committed 896K, reserved 1048576K
}
2022-03-28T22:50:46.371+0800: 1.251: Total time for which application threads were stopped: 0.0014096 seconds, Stopping threads took: 0.0000216 seconds
2022-03-28T22:50:46.378+0800: 1.258: Total time for which application threads were stopped: 0.0001829 seconds, Stopping threads took: 0.0000269 seconds
2022-03-28T22:50:46.382+0800: 1.262: Total time for which application threads were stopped: 0.0001864 seconds, Stopping threads took: 0.0000265 seconds
2022-03-28T22:50:46.475+0800: 1.356: Total time for which application threads were stopped: 0.0003039 seconds, Stopping threads took: 0.0000405 seconds
2022-03-28T22:50:46.482+0800: 1.362: Total time for which application threads were stopped: 0.0002278 seconds, Stopping threads took: 0.0000397 seconds
{Heap before GC invocations=3 (full 0):
 PSYoungGen      total 4608K, used 4584K [0x00000000ffb00000, 0x0000000100000000, 0x0000000100000000)
  eden space 4096K, 100% used [0x00000000ffb00000,0x00000000fff00000,0x00000000fff00000)
  from space 512K, 95% used [0x00000000fff80000,0x00000000ffffa020,0x0000000100000000)
  to   space 512K, 0% used [0x00000000fff00000,0x00000000fff00000,0x00000000fff80000)
 ParOldGen       total 5120K, used 1031K [0x00000000ff600000, 0x00000000ffb00000, 0x00000000ffb00000)
  object space 5120K, 20% used [0x00000000ff600000,0x00000000ff701db8,0x00000000ffb00000)
 Metaspace       used 9030K, capacity 9218K, committed 9344K, reserved 1056768K
  class space    used 1054K, capacity 1130K, committed 1152K, reserved 1048576K
2022-03-28T22:50:46.489+0800: 1.370: [GC (Allocation Failure) 2022-03-28T22:50:46.490+0800: 1.371: [SoftReference, 0 refs, 0.0000922 secs]2022-03-28T22:50:46.490+0800: 1.371: [WeakReference, 9 refs, 0.0000196 secs]2022-03-28T22:50:46.490+0800: 1.371: [FinalReference, 123 refs, 0.0002558 secs]2022-03-28T22:50:46.491+0800: 1.371: [PhantomReference, 0 refs, 0 refs, 0.0000176 secs]2022-03-28T22:50:46.491+0800: 1.371: [JNI Weak Reference, 0.0000419 secs]
Desired survivor size 524288 bytes, new threshold 5 (max 5)
[PSYoungGen: 4584K->504K(4608K)] 5615K->2426K(9728K), 0.0026031 secs] [Times: user=0.00 sys=0.00, real=0.00 secs] 
Heap after GC invocations=3 (full 0):
 PSYoungGen      total 4608K, used 504K [0x00000000ffb00000, 0x0000000100000000, 0x0000000100000000)
  eden space 4096K, 0% used [0x00000000ffb00000,0x00000000ffb00000,0x00000000fff00000)
  from space 512K, 98% used [0x00000000fff00000,0x00000000fff7e010,0x00000000fff80000)
  to   space 512K, 0% used [0x00000000fff80000,0x00000000fff80000,0x0000000100000000)
 ParOldGen       total 5120K, used 1922K [0x00000000ff600000, 0x00000000ffb00000, 0x00000000ffb00000)
  object space 5120K, 37% used [0x00000000ff600000,0x00000000ff7e0a08,0x00000000ffb00000)
 Metaspace       used 9030K, capacity 9218K, committed 9344K, reserved 1056768K
  class space    used 1054K, capacity 1130K, committed 1152K, reserved 1048576K
}
2022-03-28T22:50:46.492+0800: 1.372: Total time for which application threads were stopped: 0.0029139 seconds, Stopping threads took: 0.0000380 seconds
{Heap before GC invocations=4 (full 0):
 PSYoungGen      total 4608K, used 4600K [0x00000000ffb00000, 0x0000000100000000, 0x0000000100000000)
  eden space 4096K, 100% used [0x00000000ffb00000,0x00000000fff00000,0x00000000fff00000)
  from space 512K, 98% used [0x00000000fff00000,0x00000000fff7e010,0x00000000fff80000)
  to   space 512K, 0% used [0x00000000fff80000,0x00000000fff80000,0x0000000100000000)
 ParOldGen       total 5120K, used 1922K [0x00000000ff600000, 0x00000000ffb00000, 0x00000000ffb00000)
  object space 5120K, 37% used [0x00000000ff600000,0x00000000ff7e0a08,0x00000000ffb00000)
 Metaspace       used 9515K, capacity 9804K, committed 9984K, reserved 1058816K
  class space    used 1117K, capacity 1199K, committed 1280K, reserved 1048576K
2022-03-28T22:50:46.555+0800: 1.436: [GC (Allocation Failure) 2022-03-28T22:50:46.556+0800: 1.437: [SoftReference, 0 refs, 0.0000607 secs]2022-03-28T22:50:46.556+0800: 1.437: [WeakReference, 8 refs, 0.0000199 secs]2022-03-28T22:50:46.556+0800: 1.437: [FinalReference, 124 refs, 0.0002800 secs]2022-03-28T22:50:46.557+0800: 1.437: [PhantomReference, 0 refs, 0 refs, 0.0000181 secs]2022-03-28T22:50:46.557+0800: 1.437: [JNI Weak Reference, 0.0000255 secs]
Desired survivor size 524288 bytes, new threshold 5 (max 5)
[PSYoungGen: 4600K->504K(4608K)] 6522K->2937K(9728K), 0.0022678 secs] [Times: user=0.03 sys=0.00, real=0.00 secs] 
Heap after GC invocations=4 (full 0):
 PSYoungGen      total 4608K, used 504K [0x00000000ffb00000, 0x0000000100000000, 0x0000000100000000)
  eden space 4096K, 0% used [0x00000000ffb00000,0x00000000ffb00000,0x00000000fff00000)
  from space 512K, 98% used [0x00000000fff80000,0x00000000ffffe010,0x0000000100000000)
  to   space 512K, 0% used [0x00000000fff00000,0x00000000fff00000,0x00000000fff80000)
 ParOldGen       total 5120K, used 2433K [0x00000000ff600000, 0x00000000ffb00000, 0x00000000ffb00000)
  object space 5120K, 47% used [0x00000000ff600000,0x00000000ff8605d0,0x00000000ffb00000)
 Metaspace       used 9515K, capacity 9804K, committed 9984K, reserved 1058816K
  class space    used 1117K, capacity 1199K, committed 1280K, reserved 1048576K
}
2022-03-28T22:50:46.558+0800: 1.438: Total time for which application threads were stopped: 0.0025775 seconds, Stopping threads took: 0.0000357 seconds
{Heap before GC invocations=5 (full 0):
 PSYoungGen      total 4608K, used 4600K [0x00000000ffb00000, 0x0000000100000000, 0x0000000100000000)
  eden space 4096K, 100% used [0x00000000ffb00000,0x00000000fff00000,0x00000000fff00000)
  from space 512K, 98% used [0x00000000fff80000,0x00000000ffffe010,0x0000000100000000)
  to   space 512K, 0% used [0x00000000fff00000,0x00000000fff00000,0x00000000fff80000)
 ParOldGen       total 5120K, used 2433K [0x00000000ff600000, 0x00000000ffb00000, 0x00000000ffb00000)
  object space 5120K, 47% used [0x00000000ff600000,0x00000000ff8605d0,0x00000000ffb00000)
 Metaspace       used 10226K, capacity 10482K, committed 10752K, reserved 1058816K
  class space    used 1211K, capacity 1276K, committed 1280K, reserved 1048576K
2022-03-28T22:50:46.630+0800: 1.511: [GC (Allocation Failure) 2022-03-28T22:50:46.631+0800: 1.512: [SoftReference, 0 refs, 0.0000353 secs]2022-03-28T22:50:46.631+0800: 1.512: [WeakReference, 2 refs, 0.0000087 secs]2022-03-28T22:50:46.631+0800: 1.512: [FinalReference, 215 refs, 0.0002666 secs]2022-03-28T22:50:46.631+0800: 1.512: [PhantomReference, 0 refs, 0 refs, 0.0000085 secs]2022-03-28T22:50:46.631+0800: 1.512: [JNI Weak Reference, 0.0000187 secs]
Desired survivor size 524288 bytes, new threshold 4 (max 5)
[PSYoungGen: 4600K->504K(4608K)] 7033K->3616K(9728K), 0.0016561 secs] [Times: user=0.00 sys=0.00, real=0.00 secs] 
Heap after GC invocations=5 (full 0):
 PSYoungGen      total 4608K, used 504K [0x00000000ffb00000, 0x0000000100000000, 0x0000000100000000)
  eden space 4096K, 0% used [0x00000000ffb00000,0x00000000ffb00000,0x00000000fff00000)
  from space 512K, 98% used [0x00000000fff00000,0x00000000fff7e010,0x00000000fff80000)
  to   space 512K, 0% used [0x00000000fff80000,0x00000000fff80000,0x0000000100000000)
 ParOldGen       total 5120K, used 3112K [0x00000000ff600000, 0x00000000ffb00000, 0x00000000ffb00000)
  object space 5120K, 60% used [0x00000000ff600000,0x00000000ff90a2f8,0x00000000ffb00000)
 Metaspace       used 10226K, capacity 10482K, committed 10752K, reserved 1058816K
  class space    used 1211K, capacity 1276K, committed 1280K, reserved 1048576K
}
2022-03-28T22:50:46.632+0800: 1.512: Total time for which application threads were stopped: 0.0018941 seconds, Stopping threads took: 0.0000316 seconds
{Heap before GC invocations=6 (full 0):
 PSYoungGen      total 4608K, used 4600K [0x00000000ffb00000, 0x0000000100000000, 0x0000000100000000)
  eden space 4096K, 100% used [0x00000000ffb00000,0x00000000fff00000,0x00000000fff00000)
  from space 512K, 98% used [0x00000000fff00000,0x00000000fff7e010,0x00000000fff80000)
  to   space 512K, 0% used [0x00000000fff80000,0x00000000fff80000,0x0000000100000000)
 ParOldGen       total 5120K, used 3112K [0x00000000ff600000, 0x00000000ffb00000, 0x00000000ffb00000)
  object space 5120K, 60% used [0x00000000ff600000,0x00000000ff90a2f8,0x00000000ffb00000)
 Metaspace       used 10727K, capacity 10994K, committed 11136K, reserved 1058816K
  class space    used 1286K, capacity 1340K, committed 1408K, reserved 1048576K
2022-03-28T22:50:46.691+0800: 1.571: [GC (Allocation Failure) 2022-03-28T22:50:46.692+0800: 1.572: [SoftReference, 0 refs, 0.0000498 secs]2022-03-28T22:50:46.692+0800: 1.572: [WeakReference, 1 refs, 0.0000086 secs]2022-03-28T22:50:46.692+0800: 1.572: [FinalReference, 226 refs, 0.0003463 secs]2022-03-28T22:50:46.692+0800: 1.573: [PhantomReference, 0 refs, 0 refs, 0.0000097 secs]2022-03-28T22:50:46.692+0800: 1.573: [JNI Weak Reference, 0.0000189 secs]
Desired survivor size 524288 bytes, new threshold 3 (max 5)
[PSYoungGen: 4600K->497K(4608K)] 7712K->4361K(9728K), 0.0016795 secs] [Times: user=0.00 sys=0.00, real=0.00 secs] 
Heap after GC invocations=6 (full 0):
 PSYoungGen      total 4608K, used 497K [0x00000000ffb00000, 0x0000000100000000, 0x0000000100000000)
  eden space 4096K, 0% used [0x00000000ffb00000,0x00000000ffb00000,0x00000000fff00000)
  from space 512K, 97% used [0x00000000fff80000,0x00000000ffffc6f8,0x0000000100000000)
  to   space 512K, 0% used [0x00000000fff00000,0x00000000fff00000,0x00000000fff80000)
 ParOldGen       total 5120K, used 3864K [0x00000000ff600000, 0x00000000ffb00000, 0x00000000ffb00000)
  object space 5120K, 75% used [0x00000000ff600000,0x00000000ff9c60b0,0x00000000ffb00000)
 Metaspace       used 10727K, capacity 10994K, committed 11136K, reserved 1058816K
  class space    used 1286K, capacity 1340K, committed 1408K, reserved 1048576K
}
2022-03-28T22:50:46.693+0800: 1.573: Total time for which application threads were stopped: 0.0019231 seconds, Stopping threads took: 0.0000329 seconds
{Heap before GC invocations=7 (full 0):
 PSYoungGen      total 4608K, used 4593K [0x00000000ffb00000, 0x0000000100000000, 0x0000000100000000)
  eden space 4096K, 100% used [0x00000000ffb00000,0x00000000fff00000,0x00000000fff00000)
  from space 512K, 97% used [0x00000000fff80000,0x00000000ffffc6f8,0x0000000100000000)
  to   space 512K, 0% used [0x00000000fff00000,0x00000000fff00000,0x00000000fff80000)
 ParOldGen       total 5120K, used 3864K [0x00000000ff600000, 0x00000000ffb00000, 0x00000000ffb00000)
  object space 5120K, 75% used [0x00000000ff600000,0x00000000ff9c60b0,0x00000000ffb00000)
 Metaspace       used 11218K, capacity 11474K, committed 11776K, reserved 1058816K
  class space    used 1360K, capacity 1436K, committed 1536K, reserved 1048576K
2022-03-28T22:50:46.741+0800: 1.621: [GC (Allocation Failure) 2022-03-28T22:50:46.742+0800: 1.622: [SoftReference, 0 refs, 0.0000596 secs]2022-03-28T22:50:46.742+0800: 1.622: [WeakReference, 0 refs, 0.0000089 secs]2022-03-28T22:50:46.742+0800: 1.622: [FinalReference, 211 refs, 0.0003093 secs]2022-03-28T22:50:46.742+0800: 1.623: [PhantomReference, 0 refs, 0 refs, 0.0000110 secs]2022-03-28T22:50:46.742+0800: 1.623: [JNI Weak Reference, 0.0000155 secs]
Desired survivor size 524288 bytes, new threshold 2 (max 5)
[PSYoungGen: 4593K->512K(4608K)] 8457K->4829K(9728K), 0.0017347 secs] [Times: user=0.00 sys=0.00, real=0.00 secs] 
Heap after GC invocations=7 (full 0):
 PSYoungGen      total 4608K, used 512K [0x00000000ffb00000, 0x0000000100000000, 0x0000000100000000)
  eden space 4096K, 0% used [0x00000000ffb00000,0x00000000ffb00000,0x00000000fff00000)
  from space 512K, 100% used [0x00000000fff00000,0x00000000fff80000,0x00000000fff80000)
  to   space 512K, 0% used [0x00000000fff80000,0x00000000fff80000,0x0000000100000000)
 ParOldGen       total 5120K, used 4317K [0x00000000ff600000, 0x00000000ffb00000, 0x00000000ffb00000)
  object space 5120K, 84% used [0x00000000ff600000,0x00000000ffa37488,0x00000000ffb00000)
 Metaspace       used 11218K, capacity 11474K, committed 11776K, reserved 1058816K
  class space    used 1360K, capacity 1436K, committed 1536K, reserved 1048576K
}
{Heap before GC invocations=8 (full 1):
 PSYoungGen      total 4608K, used 512K [0x00000000ffb00000, 0x0000000100000000, 0x0000000100000000)
  eden space 4096K, 0% used [0x00000000ffb00000,0x00000000ffb00000,0x00000000fff00000)
  from space 512K, 100% used [0x00000000fff00000,0x00000000fff80000,0x00000000fff80000)
  to   space 512K, 0% used [0x00000000fff80000,0x00000000fff80000,0x0000000100000000)
 ParOldGen       total 5120K, used 4317K [0x00000000ff600000, 0x00000000ffb00000, 0x00000000ffb00000)
  object space 5120K, 84% used [0x00000000ff600000,0x00000000ffa37488,0x00000000ffb00000)
 Metaspace       used 11218K, capacity 11474K, committed 11776K, reserved 1058816K
  class space    used 1360K, capacity 1436K, committed 1536K, reserved 1048576K
2022-03-28T22:50:46.743+0800: 1.623: [Full GC (Ergonomics) 2022-03-28T22:50:46.744+0800: 1.625: [SoftReference, 0 refs, 0.0000415 secs]2022-03-28T22:50:46.744+0800: 1.625: [WeakReference, 120 refs, 0.0000178 secs]2022-03-28T22:50:46.745+0800: 1.625: [FinalReference, 78 refs, 0.0000314 secs]2022-03-28T22:50:46.745+0800: 1.625: [PhantomReference, 0 refs, 0 refs, 0.0000098 secs]2022-03-28T22:50:46.745+0800: 1.625: [JNI Weak Reference, 0.0000147 secs][PSYoungGen: 512K->0K(4608K)] [ParOldGen: 4317K->3202K(5120K)] 4829K->3202K(9728K), [Metaspace: 11218K->11218K(1058816K)], 0.0138158 secs] [Times: user=0.03 sys=0.00, real=0.01 secs] 
Heap after GC invocations=8 (full 1):
 PSYoungGen      total 4608K, used 0K [0x00000000ffb00000, 0x0000000100000000, 0x0000000100000000)
  eden space 4096K, 0% used [0x00000000ffb00000,0x00000000ffb00000,0x00000000fff00000)
  from space 512K, 0% used [0x00000000fff00000,0x00000000fff00000,0x00000000fff80000)
  to   space 512K, 0% used [0x00000000fff80000,0x00000000fff80000,0x0000000100000000)
 ParOldGen       total 5120K, used 3202K [0x00000000ff600000, 0x00000000ffb00000, 0x00000000ffb00000)
  object space 5120K, 62% used [0x00000000ff600000,0x00000000ff920970,0x00000000ffb00000)
 Metaspace       used 11218K, capacity 11474K, committed 11776K, reserved 1058816K
  class space    used 1360K, capacity 1436K, committed 1536K, reserved 1048576K
}
2022-03-28T22:50:46.757+0800: 1.637: Total time for which application threads were stopped: 0.0159411 seconds, Stopping threads took: 0.0000358 seconds
{Heap before GC invocations=9 (full 1):
 PSYoungGen      total 4608K, used 4096K [0x00000000ffb00000, 0x0000000100000000, 0x0000000100000000)
  eden space 4096K, 100% used [0x00000000ffb00000,0x00000000fff00000,0x00000000fff00000)
  from space 512K, 0% used [0x00000000fff00000,0x00000000fff00000,0x00000000fff80000)
  to   space 512K, 0% used [0x00000000fff80000,0x00000000fff80000,0x0000000100000000)
 ParOldGen       total 5120K, used 3202K [0x00000000ff600000, 0x00000000ffb00000, 0x00000000ffb00000)
  object space 5120K, 62% used [0x00000000ff600000,0x00000000ff920970,0x00000000ffb00000)
 Metaspace       used 11671K, capacity 11972K, committed 12288K, reserved 1060864K
  class space    used 1428K, capacity 1512K, committed 1536K, reserved 1048576K
2022-03-28T22:50:46.831+0800: 1.712: [GC (Allocation Failure) 2022-03-28T22:50:46.832+0800: 1.712: [SoftReference, 0 refs, 0.0000477 secs]2022-03-28T22:50:46.832+0800: 1.712: [WeakReference, 28 refs, 0.0000146 secs]2022-03-28T22:50:46.832+0800: 1.712: [FinalReference, 163 refs, 0.0001392 secs]2022-03-28T22:50:46.832+0800: 1.712: [PhantomReference, 0 refs, 0 refs, 0.0000108 secs]2022-03-28T22:50:46.832+0800: 1.712: [JNI Weak Reference, 0.0000155 secs]
Desired survivor size 524288 bytes, new threshold 1 (max 5)
[PSYoungGen: 4096K->512K(4608K)] 7298K->3801K(9728K), 0.0012785 secs] [Times: user=0.00 sys=0.00, real=0.00 secs] 
Heap after GC invocations=9 (full 1):
 PSYoungGen      total 4608K, used 512K [0x00000000ffb00000, 0x0000000100000000, 0x0000000100000000)
  eden space 4096K, 0% used [0x00000000ffb00000,0x00000000ffb00000,0x00000000fff00000)
  from space 512K, 100% used [0x00000000fff80000,0x0000000100000000,0x0000000100000000)
  to   space 512K, 0% used [0x00000000fff00000,0x00000000fff00000,0x00000000fff80000)
 ParOldGen       total 5120K, used 3289K [0x00000000ff600000, 0x00000000ffb00000, 0x00000000ffb00000)
  object space 5120K, 64% used [0x00000000ff600000,0x00000000ff9366c8,0x00000000ffb00000)
 Metaspace       used 11671K, capacity 11972K, committed 12288K, reserved 1060864K
  class space    used 1428K, capacity 1512K, committed 1536K, reserved 1048576K
}
2022-03-28T22:50:46.832+0800: 1.713: Total time for which application threads were stopped: 0.0015807 seconds, Stopping threads took: 0.0000337 seconds
2022-03-28T22:50:47.842+0800: 2.722: Total time for which application threads were stopped: 0.0002149 seconds, Stopping threads took: 0.0000623 seconds
2022-03-28T22:50:50.467+0800: 5.347: Total time for which application threads were stopped: 0.0001977 seconds, Stopping threads took: 0.0000373 seconds
{Heap before GC invocations=10 (full 1):
 PSYoungGen      total 4608K, used 4385K [0x00000000ffb00000, 0x0000000100000000, 0x0000000100000000)
  eden space 4096K, 94% used [0x00000000ffb00000,0x00000000ffec85c0,0x00000000fff00000)
  from space 512K, 100% used [0x00000000fff80000,0x0000000100000000,0x0000000100000000)
  to   space 512K, 0% used [0x00000000fff00000,0x00000000fff00000,0x00000000fff80000)
 ParOldGen       total 5120K, used 3289K [0x00000000ff600000, 0x00000000ffb00000, 0x00000000ffb00000)
  object space 5120K, 64% used [0x00000000ff600000,0x00000000ff9366c8,0x00000000ffb00000)
 Metaspace       used 12015K, capacity 12262K, committed 12672K, reserved 1060864K
  class space    used 1475K, capacity 1545K, committed 1664K, reserved 1048576K
2022-03-28T22:50:52.939+0800: 7.819: [GC (Allocation Failure) 2022-03-28T22:50:52.939+0800: 7.819: [SoftReference, 0 refs, 0.0000389 secs]2022-03-28T22:50:52.939+0800: 7.819: [WeakReference, 30 refs, 0.0000107 secs]2022-03-28T22:50:52.939+0800: 7.819: [FinalReference, 90 refs, 0.0000680 secs]2022-03-28T22:50:52.939+0800: 7.819: [PhantomReference, 0 refs, 0 refs, 0.0000086 secs]2022-03-28T22:50:52.939+0800: 7.819: [JNI Weak Reference, 0.0000114 secs]
Desired survivor size 524288 bytes, new threshold 1 (max 5)
[PSYoungGen: 4385K->505K(4608K)] 7675K->3994K(9728K), 0.0009530 secs] [Times: user=0.00 sys=0.00, real=0.00 secs] 
Heap after GC invocations=10 (full 1):
 PSYoungGen      total 4608K, used 505K [0x00000000ffb00000, 0x0000000100000000, 0x0000000100000000)
  eden space 4096K, 0% used [0x00000000ffb00000,0x00000000ffb00000,0x00000000fff00000)
  from space 512K, 98% used [0x00000000fff00000,0x00000000fff7e4c8,0x00000000fff80000)
  to   space 512K, 0% used [0x00000000fff80000,0x00000000fff80000,0x0000000100000000)
 ParOldGen       total 5120K, used 3489K [0x00000000ff600000, 0x00000000ffb00000, 0x00000000ffb00000)
  object space 5120K, 68% used [0x00000000ff600000,0x00000000ff9686d8,0x00000000ffb00000)
 Metaspace       used 12015K, capacity 12262K, committed 12672K, reserved 1060864K
  class space    used 1475K, capacity 1545K, committed 1664K, reserved 1048576K
}
2022-03-28T22:50:52.940+0800: 7.820: Total time for which application threads were stopped: 0.0011605 seconds, Stopping threads took: 0.0000352 seconds
2022-03-28T22:50:57.971+0800: 12.851: Total time for which application threads were stopped: 0.0001118 seconds, Stopping threads took: 0.0000369 seconds
2022-03-28T22:50:58.972+0800: 13.852: Total time for which application threads were stopped: 0.0001478 seconds, Stopping threads took: 0.0000480 seconds
2022-03-28T22:50:59.175+0800: 14.066: Total time for which application threads were stopped: 0.0001042 seconds, Stopping threads took: 0.0000229 seconds
2022-03-28T22:50:59.207+0800: 14.091: Total time for which application threads were stopped: 0.0001543 seconds, Stopping threads took: 0.0000275 seconds
2022-03-28T22:50:59.222+0800: 14.107: Total time for which application threads were stopped: 0.0001447 seconds, Stopping threads took: 0.0000378 seconds
{Heap before GC invocations=11 (full 1):
 PSYoungGen      total 4608K, used 4601K [0x00000000ffb00000, 0x0000000100000000, 0x0000000100000000)
  eden space 4096K, 100% used [0x00000000ffb00000,0x00000000fff00000,0x00000000fff00000)
  from space 512K, 98% used [0x00000000fff00000,0x00000000fff7e4c8,0x00000000fff80000)
  to   space 512K, 0% used [0x00000000fff80000,0x00000000fff80000,0x0000000100000000)
 ParOldGen       total 5120K, used 3489K [0x00000000ff600000, 0x00000000ffb00000, 0x00000000ffb00000)
  object space 5120K, 68% used [0x00000000ff600000,0x00000000ff9686d8,0x00000000ffb00000)
 Metaspace       used 12612K, capacity 12926K, committed 13184K, reserved 1060864K
  class space    used 1560K, capacity 1648K, committed 1664K, reserved 1048576K
2022-03-28T22:50:59.238+0800: 14.121: [GC (Allocation Failure) 2022-03-28T22:50:59.238+0800: 14.122: [SoftReference, 0 refs, 0.0000455 secs]2022-03-28T22:50:59.238+0800: 14.122: [WeakReference, 36 refs, 0.0000108 secs]2022-03-28T22:50:59.238+0800: 14.122: [FinalReference, 5 refs, 0.0000088 secs]2022-03-28T22:50:59.238+0800: 14.122: [PhantomReference, 0 refs, 0 refs, 0.0000081 secs]2022-03-28T22:50:59.238+0800: 14.122: [JNI Weak Reference, 0.0000112 secs]
Desired survivor size 524288 bytes, new threshold 1 (max 5)
[PSYoungGen: 4601K->480K(4608K)] 8090K->4105K(9728K), 0.0014567 secs] [Times: user=0.00 sys=0.00, real=0.00 secs] 
Heap after GC invocations=11 (full 1):
 PSYoungGen      total 4608K, used 480K [0x00000000ffb00000, 0x0000000100000000, 0x0000000100000000)
  eden space 4096K, 0% used [0x00000000ffb00000,0x00000000ffb00000,0x00000000fff00000)
  from space 512K, 93% used [0x00000000fff80000,0x00000000ffff8000,0x0000000100000000)
  to   space 512K, 0% used [0x00000000fff00000,0x00000000fff00000,0x00000000fff80000)
 ParOldGen       total 5120K, used 3625K [0x00000000ff600000, 0x00000000ffb00000, 0x00000000ffb00000)
  object space 5120K, 70% used [0x00000000ff600000,0x00000000ff98a6f8,0x00000000ffb00000)
 Metaspace       used 12612K, capacity 12926K, committed 13184K, reserved 1060864K
  class space    used 1560K, capacity 1648K, committed 1664K, reserved 1048576K
}
2022-03-28T22:50:59.238+0800: 14.123: Total time for which application threads were stopped: 0.0016674 seconds, Stopping threads took: 0.0000288 seconds
2022-03-28T22:51:00.254+0800: 15.137: Total time for which application threads were stopped: 0.0000909 seconds, Stopping threads took: 0.0000222 seconds
2022-03-28T22:51:00.254+0800: 15.143: Total time for which application threads were stopped: 0.0000862 seconds, Stopping threads took: 0.0000222 seconds
2022-03-28T22:51:01.269+0800: 16.149: Total time for which application threads were stopped: 0.0001778 seconds, Stopping threads took: 0.0000544 seconds
2022-03-28T22:51:01.285+0800: 16.173: Total time for which application threads were stopped: 0.0001059 seconds, Stopping threads took: 0.0000343 seconds
2022-03-28T22:51:02.285+0800: 17.178: Total time for which application threads were stopped: 0.0001065 seconds, Stopping threads took: 0.0000313 seconds
2022-03-28T22:51:03.316+0800: 18.196: Total time for which application threads were stopped: 0.0001061 seconds, Stopping threads took: 0.0000273 seconds
2022-03-28T22:51:04.316+0800: 19.211: Total time for which application threads were stopped: 0.0000913 seconds, Stopping threads took: 0.0000229 seconds
2022-03-28T22:51:05.316+0800: 20.199: Total time for which application threads were stopped: 0.0001643 seconds, Stopping threads took: 0.0000426 seconds
2022-03-28T22:51:06.332+0800: 21.211: Total time for which application threads were stopped: 0.0001654 seconds, Stopping threads took: 0.0000672 seconds
2022-03-28T22:51:06.332+0800: 21.214: Total time for which application threads were stopped: 0.0001453 seconds, Stopping threads took: 0.0000476 seconds
{Heap before GC invocations=12 (full 1):
 PSYoungGen      total 4608K, used 4576K [0x00000000ffb00000, 0x0000000100000000, 0x0000000100000000)
  eden space 4096K, 100% used [0x00000000ffb00000,0x00000000fff00000,0x00000000fff00000)
  from space 512K, 93% used [0x00000000fff80000,0x00000000ffff8000,0x0000000100000000)
  to   space 512K, 0% used [0x00000000fff00000,0x00000000fff00000,0x00000000fff80000)
 ParOldGen       total 5120K, used 3625K [0x00000000ff600000, 0x00000000ffb00000, 0x00000000ffb00000)
  object space 5120K, 70% used [0x00000000ff600000,0x00000000ff98a6f8,0x00000000ffb00000)
 Metaspace       used 12844K, capacity 13270K, committed 13568K, reserved 1060864K
  class space    used 1581K, capacity 1684K, committed 1792K, reserved 1048576K
2022-03-28T22:51:07.097+0800: 21.977: [GC (Allocation Failure) 2022-03-28T22:51:07.097+0800: 21.978: [SoftReference, 0 refs, 0.0000417 secs]2022-03-28T22:51:07.097+0800: 21.978: [WeakReference, 2 refs, 0.0000118 secs]2022-03-28T22:51:07.097+0800: 21.978: [FinalReference, 0 refs, 0.0000100 secs]2022-03-28T22:51:07.097+0800: 21.978: [PhantomReference, 0 refs, 0 refs, 0.0000102 secs]2022-03-28T22:51:07.097+0800: 21.978: [JNI Weak Reference, 0.0000138 secs]
Desired survivor size 524288 bytes, new threshold 1 (max 5)
[PSYoungGen: 4576K->224K(4608K)] 8201K->4185K(9728K), 0.0010181 secs] [Times: user=0.00 sys=0.00, real=0.00 secs] 
Heap after GC invocations=12 (full 1):
 PSYoungGen      total 4608K, used 224K [0x00000000ffb00000, 0x0000000100000000, 0x0000000100000000)
  eden space 4096K, 0% used [0x00000000ffb00000,0x00000000ffb00000,0x00000000fff00000)
  from space 512K, 43% used [0x00000000fff00000,0x00000000fff38000,0x00000000fff80000)
  to   space 512K, 0% used [0x00000000fff80000,0x00000000fff80000,0x0000000100000000)
 ParOldGen       total 5120K, used 3961K [0x00000000ff600000, 0x00000000ffb00000, 0x00000000ffb00000)
  object space 5120K, 77% used [0x00000000ff600000,0x00000000ff9de718,0x00000000ffb00000)
 Metaspace       used 12844K, capacity 13270K, committed 13568K, reserved 1060864K
  class space    used 1581K, capacity 1684K, committed 1792K, reserved 1048576K
}
2022-03-28T22:51:07.097+0800: 21.978: Total time for which application threads were stopped: 0.0012550 seconds, Stopping threads took: 0.0000315 seconds
2022-03-28T22:51:07.347+0800: 22.230: Total time for which application threads were stopped: 0.0001259 seconds, Stopping threads took: 0.0000371 seconds
2022-03-28T22:51:08.360+0800: 23.240: Total time for which application threads were stopped: 0.0001658 seconds, Stopping threads took: 0.0000405 seconds
2022-03-28T22:51:08.360+0800: 23.242: Total time for which application threads were stopped: 0.0001285 seconds, Stopping threads took: 0.0000290 seconds
2022-03-28T22:51:09.375+0800: 24.258: Total time for which application threads were stopped: 0.0001298 seconds, Stopping threads took: 0.0000370 seconds
2022-03-28T22:51:10.391+0800: 25.271: Total time for which application threads were stopped: 0.0001530 seconds, Stopping threads took: 0.0000479 seconds
2022-03-28T22:51:10.391+0800: 25.274: Total time for which application threads were stopped: 0.0001353 seconds, Stopping threads took: 0.0000324 seconds
2022-03-28T22:51:10.391+0800: 25.277: Total time for which application threads were stopped: 0.0000877 seconds, Stopping threads took: 0.0000237 seconds
2022-03-28T22:51:11.406+0800: 26.288: Total time for which application threads were stopped: 0.0001050 seconds, Stopping threads took: 0.0000255 seconds
2022-03-28T22:51:12.422+0800: 27.302: Total time for which application threads were stopped: 0.0001518 seconds, Stopping threads took: 0.0000630 seconds
2022-03-28T22:51:12.422+0800: 27.304: Total time for which application threads were stopped: 0.0001100 seconds, Stopping threads took: 0.0000360 seconds
2022-03-28T22:51:13.437+0800: 28.320: Total time for which application threads were stopped: 0.0001256 seconds, Stopping threads took: 0.0000268 seconds
2022-03-28T22:51:14.453+0800: 29.333: Total time for which application threads were stopped: 0.0001368 seconds, Stopping threads took: 0.0000370 seconds
2022-03-28T22:51:14.453+0800: 29.335: Total time for which application threads were stopped: 0.0001403 seconds, Stopping threads took: 0.0000495 seconds
2022-03-28T22:51:15.468+0800: 30.348: Total time for which application threads were stopped: 0.0001259 seconds, Stopping threads took: 0.0000381 seconds
2022-03-28T22:51:15.468+0800: 30.352: Total time for which application threads were stopped: 0.0001107 seconds, Stopping threads took: 0.0000277 seconds
2022-03-28T22:51:16.484+0800: 31.367: Total time for which application threads were stopped: 0.0001183 seconds, Stopping threads took: 0.0000359 seconds
{Heap before GC invocations=13 (full 1):
 PSYoungGen      total 4608K, used 4300K [0x00000000ffb00000, 0x0000000100000000, 0x0000000100000000)
  eden space 4096K, 99% used [0x00000000ffb00000,0x00000000ffefb0f8,0x00000000fff00000)
  from space 512K, 43% used [0x00000000fff00000,0x00000000fff38000,0x00000000fff80000)
  to   space 512K, 0% used [0x00000000fff80000,0x00000000fff80000,0x0000000100000000)
 ParOldGen       total 5120K, used 3961K [0x00000000ff600000, 0x00000000ffb00000, 0x00000000ffb00000)
  object space 5120K, 77% used [0x00000000ff600000,0x00000000ff9de718,0x00000000ffb00000)
 Metaspace       used 12963K, capacity 13466K, committed 13568K, reserved 1060864K
  class space    used 1586K, capacity 1694K, committed 1792K, reserved 1048576K
2022-03-28T22:51:17.250+0800: 32.130: [GC (Allocation Failure) 2022-03-28T22:51:17.250+0800: 32.130: [SoftReference, 0 refs, 0.0000426 secs]2022-03-28T22:51:17.250+0800: 32.130: [WeakReference, 0 refs, 0.0000142 secs]2022-03-28T22:51:17.250+0800: 32.130: [FinalReference, 0 refs, 0.0000151 secs]2022-03-28T22:51:17.250+0800: 32.130: [PhantomReference, 0 refs, 0 refs, 0.0000142 secs]2022-03-28T22:51:17.250+0800: 32.130: [JNI Weak Reference, 0.0000177 secs]
Desired survivor size 524288 bytes, new threshold 1 (max 5)
[PSYoungGen: 4300K->224K(4608K)] 8262K->4297K(9728K), 0.0011367 secs] [Times: user=0.00 sys=0.00, real=0.00 secs] 
Heap after GC invocations=13 (full 1):
 PSYoungGen      total 4608K, used 224K [0x00000000ffb00000, 0x0000000100000000, 0x0000000100000000)
  eden space 4096K, 0% used [0x00000000ffb00000,0x00000000ffb00000,0x00000000fff00000)
  from space 512K, 43% used [0x00000000fff80000,0x00000000fffb8000,0x0000000100000000)
  to   space 512K, 0% used [0x00000000fff00000,0x00000000fff00000,0x00000000fff80000)
 ParOldGen       total 5120K, used 4073K [0x00000000ff600000, 0x00000000ffb00000, 0x00000000ffb00000)
  object space 5120K, 79% used [0x00000000ff600000,0x00000000ff9fa718,0x00000000ffb00000)
 Metaspace       used 12963K, capacity 13466K, committed 13568K, reserved 1060864K
  class space    used 1586K, capacity 1694K, committed 1792K, reserved 1048576K
}
2022-03-28T22:51:17.250+0800: 32.131: Total time for which application threads were stopped: 0.0015739 seconds, Stopping threads took: 0.0000330 seconds
2022-03-28T22:51:17.500+0800: 32.391: Total time for which application threads were stopped: 0.0000922 seconds, Stopping threads took: 0.0000229 seconds
2022-03-28T22:51:18.513+0800: 33.404: Total time for which application threads were stopped: 0.0000911 seconds, Stopping threads took: 0.0000221 seconds
2022-03-28T22:51:19.529+0800: 34.421: Total time for which application threads were stopped: 0.0001009 seconds, Stopping threads took: 0.0000248 seconds
2022-03-28T22:51:20.544+0800: 35.426: Total time for which application threads were stopped: 0.0000970 seconds, Stopping threads took: 0.0000241 seconds
2022-03-28T22:51:20.544+0800: 35.428: Total time for which application threads were stopped: 0.0000919 seconds, Stopping threads took: 0.0000266 seconds
2022-03-28T22:51:21.560+0800: 36.441: Total time for which application threads were stopped: 0.0000964 seconds, Stopping threads took: 0.0000281 seconds
2022-03-28T22:51:22.575+0800: 37.457: Total time for which application threads were stopped: 0.0000916 seconds, Stopping threads took: 0.0000218 seconds
2022-03-28T22:51:23.591+0800: 38.473: Total time for which application threads were stopped: 0.0001355 seconds, Stopping threads took: 0.0000464 seconds
2022-03-28T22:51:24.593+0800: 39.473: Total time for which application threads were stopped: 0.0001348 seconds, Stopping threads took: 0.0000397 seconds
2022-03-28T22:51:24.594+0800: 39.475: Total time for which application threads were stopped: 0.0000943 seconds, Stopping threads took: 0.0000277 seconds
2022-03-28T22:51:25.602+0800: 40.482: Total time for which application threads were stopped: 0.0001137 seconds, Stopping threads took: 0.0000291 seconds
2022-03-28T22:51:26.607+0800: 41.487: Total time for which application threads were stopped: 0.0001287 seconds, Stopping threads took: 0.0000360 seconds
2022-03-28T22:51:26.608+0800: 41.488: Total time for which application threads were stopped: 0.0001015 seconds, Stopping threads took: 0.0000241 seconds
{Heap before GC invocations=14 (full 1):
 PSYoungGen      total 4608K, used 4320K [0x00000000ffb00000, 0x0000000100000000, 0x0000000100000000)
  eden space 4096K, 100% used [0x00000000ffb00000,0x00000000fff00000,0x00000000fff00000)
  from space 512K, 43% used [0x00000000fff80000,0x00000000fffb8000,0x0000000100000000)
  to   space 512K, 0% used [0x00000000fff00000,0x00000000fff00000,0x00000000fff80000)
 ParOldGen       total 5120K, used 4073K [0x00000000ff600000, 0x00000000ffb00000, 0x00000000ffb00000)
  object space 5120K, 79% used [0x00000000ff600000,0x00000000ff9fa718,0x00000000ffb00000)
 Metaspace       used 13012K, capacity 13466K, committed 13568K, reserved 1060864K
  class space    used 1586K, capacity 1694K, committed 1792K, reserved 1048576K
2022-03-28T22:51:26.609+0800: 41.489: [GC (Allocation Failure) 2022-03-28T22:51:26.609+0800: 41.489: [SoftReference, 0 refs, 0.0000336 secs]2022-03-28T22:51:26.609+0800: 41.489: [WeakReference, 0 refs, 0.0000079 secs]2022-03-28T22:51:26.609+0800: 41.489: [FinalReference, 0 refs, 0.0000069 secs]2022-03-28T22:51:26.609+0800: 41.489: [PhantomReference, 0 refs, 0 refs, 0.0000072 secs]2022-03-28T22:51:26.609+0800: 41.489: [JNI Weak Reference, 0.0000093 secs]
Desired survivor size 524288 bytes, new threshold 1 (max 5)
[PSYoungGen: 4320K->256K(4608K)] 8393K->4393K(9728K), 0.0009330 secs] [Times: user=0.00 sys=0.00, real=0.00 secs] 
Heap after GC invocations=14 (full 1):
 PSYoungGen      total 4608K, used 256K [0x00000000ffb00000, 0x0000000100000000, 0x0000000100000000)
  eden space 4096K, 0% used [0x00000000ffb00000,0x00000000ffb00000,0x00000000fff00000)
  from space 512K, 50% used [0x00000000fff00000,0x00000000fff40000,0x00000000fff80000)
  to   space 512K, 0% used [0x00000000fff80000,0x00000000fff80000,0x0000000100000000)
 ParOldGen       total 5120K, used 4137K [0x00000000ff600000, 0x00000000ffb00000, 0x00000000ffb00000)
  object space 5120K, 80% used [0x00000000ff600000,0x00000000ffa0a718,0x00000000ffb00000)
 Metaspace       used 13012K, capacity 13466K, committed 13568K, reserved 1060864K
  class space    used 1586K, capacity 1694K, committed 1792K, reserved 1048576K
}
{Heap before GC invocations=15 (full 2):
 PSYoungGen      total 4608K, used 256K [0x00000000ffb00000, 0x0000000100000000, 0x0000000100000000)
  eden space 4096K, 0% used [0x00000000ffb00000,0x00000000ffb00000,0x00000000fff00000)
  from space 512K, 50% used [0x00000000fff00000,0x00000000fff40000,0x00000000fff80000)
  to   space 512K, 0% used [0x00000000fff80000,0x00000000fff80000,0x0000000100000000)
 ParOldGen       total 5120K, used 4137K [0x00000000ff600000, 0x00000000ffb00000, 0x00000000ffb00000)
  object space 5120K, 80% used [0x00000000ff600000,0x00000000ffa0a718,0x00000000ffb00000)
 Metaspace       used 13012K, capacity 13466K, committed 13568K, reserved 1060864K
  class space    used 1586K, capacity 1694K, committed 1792K, reserved 1048576K
2022-03-28T22:51:26.610+0800: 41.490: [Full GC (Ergonomics) 2022-03-28T22:51:26.611+0800: 41.491: [SoftReference, 475 refs, 0.0000701 secs]2022-03-28T22:51:26.611+0800: 41.491: [WeakReference, 193 refs, 0.0000168 secs]2022-03-28T22:51:26.611+0800: 41.491: [FinalReference, 17 refs, 0.0000098 secs]2022-03-28T22:51:26.611+0800: 41.491: [PhantomReference, 0 refs, 0 refs, 0.0000075 secs]2022-03-28T22:51:26.611+0800: 41.491: [JNI Weak Reference, 0.0000109 secs][PSYoungGen: 256K->0K(4608K)] [ParOldGen: 4137K->2556K(5120K)] 4393K->2556K(9728K), [Metaspace: 13012K->12837K(1060864K)], 0.0302833 secs] [Times: user=0.11 sys=0.00, real=0.03 secs] 
Heap after GC invocations=15 (full 2):
 PSYoungGen      total 4608K, used 0K [0x00000000ffb00000, 0x0000000100000000, 0x0000000100000000)
  eden space 4096K, 0% used [0x00000000ffb00000,0x00000000ffb00000,0x00000000fff00000)
  from space 512K, 0% used [0x00000000fff00000,0x00000000fff00000,0x00000000fff80000)
  to   space 512K, 0% used [0x00000000fff80000,0x00000000fff80000,0x0000000100000000)
 ParOldGen       total 5120K, used 2556K [0x00000000ff600000, 0x00000000ffb00000, 0x00000000ffb00000)
  object space 5120K, 49% used [0x00000000ff600000,0x00000000ff87f120,0x00000000ffb00000)
 Metaspace       used 12837K, capacity 13182K, committed 13568K, reserved 1060864K
  class space    used 1558K, capacity 1642K, committed 1792K, reserved 1048576K
}
2022-03-28T22:51:26.640+0800: 41.520: Total time for which application threads were stopped: 0.0315265 seconds, Stopping threads took: 0.0000336 seconds
2022-03-28T22:51:27.612+0800: 42.493: Total time for which application threads were stopped: 0.0001394 seconds, Stopping threads took: 0.0000246 seconds
2022-03-28T22:51:28.614+0800: 43.494: Total time for which application threads were stopped: 0.0000978 seconds, Stopping threads took: 0.0000254 seconds
2022-03-28T22:51:29.618+0800: 44.498: Total time for which application threads were stopped: 0.0001020 seconds, Stopping threads took: 0.0000276 seconds
2022-03-28T22:51:30.625+0800: 45.505: Total time for which application threads were stopped: 0.0001398 seconds, Stopping threads took: 0.0000377 seconds
2022-03-28T22:51:30.627+0800: 45.507: Total time for which application threads were stopped: 0.0001092 seconds, Stopping threads took: 0.0000347 seconds
2022-03-28T22:51:31.627+0800: 46.507: Total time for which application threads were stopped: 0.0001264 seconds, Stopping threads took: 0.0000319 seconds
2022-03-28T22:51:32.629+0800: 47.509: Total time for which application threads were stopped: 0.0001229 seconds, Stopping threads took: 0.0000348 seconds
2022-03-28T22:51:32.630+0800: 47.510: Total time for which application threads were stopped: 0.0000923 seconds, Stopping threads took: 0.0000240 seconds
2022-03-28T22:51:33.636+0800: 48.517: Total time for which application threads were stopped: 0.0001025 seconds, Stopping threads took: 0.0000246 seconds
2022-03-28T22:51:34.642+0800: 49.523: Total time for which application threads were stopped: 0.0001054 seconds, Stopping threads took: 0.0000259 seconds
2022-03-28T22:51:35.647+0800: 50.528: Total time for which application threads were stopped: 0.0000943 seconds, Stopping threads took: 0.0000240 seconds
{Heap before GC invocations=16 (full 2):
 PSYoungGen      total 4608K, used 3703K [0x00000000ffb00000, 0x0000000100000000, 0x0000000100000000)
  eden space 4096K, 90% used [0x00000000ffb00000,0x00000000ffe9de78,0x00000000fff00000)
  from space 512K, 0% used [0x00000000fff00000,0x00000000fff00000,0x00000000fff80000)
  to   space 512K, 0% used [0x00000000fff80000,0x00000000fff80000,0x0000000100000000)
 ParOldGen       total 5120K, used 2556K [0x00000000ff600000, 0x00000000ffb00000, 0x00000000ffb00000)
  object space 5120K, 49% used [0x00000000ff600000,0x00000000ff87f120,0x00000000ffb00000)
 Metaspace       used 12927K, capacity 13342K, committed 13824K, reserved 1060864K
  class space    used 1567K, capacity 1658K, committed 1792K, reserved 1048576K
2022-03-28T22:51:36.406+0800: 51.286: [GC (Allocation Failure) 2022-03-28T22:51:36.406+0800: 51.287: [SoftReference, 0 refs, 0.0000383 secs]2022-03-28T22:51:36.406+0800: 51.287: [WeakReference, 0 refs, 0.0000113 secs]2022-03-28T22:51:36.406+0800: 51.287: [FinalReference, 0 refs, 0.0000100 secs]2022-03-28T22:51:36.406+0800: 51.287: [PhantomReference, 0 refs, 0 refs, 0.0000105 secs]2022-03-28T22:51:36.406+0800: 51.287: [JNI Weak Reference, 0.0000127 secs]
Desired survivor size 524288 bytes, new threshold 1 (max 5)
[PSYoungGen: 3703K->256K(4608K)] 6259K->2820K(9728K), 0.0009871 secs] [Times: user=0.00 sys=0.00, real=0.00 secs] 
Heap after GC invocations=16 (full 2):
 PSYoungGen      total 4608K, used 256K [0x00000000ffb00000, 0x0000000100000000, 0x0000000100000000)
  eden space 4096K, 0% used [0x00000000ffb00000,0x00000000ffb00000,0x00000000fff00000)
  from space 512K, 50% used [0x00000000fff80000,0x00000000fffc0000,0x0000000100000000)
  to   space 512K, 0% used [0x00000000fff00000,0x00000000fff00000,0x00000000fff80000)
 ParOldGen       total 5120K, used 2564K [0x00000000ff600000, 0x00000000ffb00000, 0x00000000ffb00000)
  object space 5120K, 50% used [0x00000000ff600000,0x00000000ff881120,0x00000000ffb00000)
 Metaspace       used 12927K, capacity 13342K, committed 13824K, reserved 1060864K
  class space    used 1567K, capacity 1658K, committed 1792K, reserved 1048576K
}
2022-03-28T22:51:36.407+0800: 51.288: Total time for which application threads were stopped: 0.0012281 seconds, Stopping threads took: 0.0000303 seconds
2022-03-28T22:51:36.647+0800: 51.528: Total time for which application threads were stopped: 0.0001183 seconds, Stopping threads took: 0.0000351 seconds
2022-03-28T22:51:37.650+0800: 52.531: Total time for which application threads were stopped: 0.0001572 seconds, Stopping threads took: 0.0000432 seconds
2022-03-28T22:51:37.666+0800: 52.547: Total time for which application threads were stopped: 0.0001300 seconds, Stopping threads took: 0.0000299 seconds
2022-03-28T22:51:38.656+0800: 53.536: Total time for which application threads were stopped: 0.0001106 seconds, Stopping threads took: 0.0000210 seconds
2022-03-28T22:51:39.660+0800: 54.540: Total time for which application threads were stopped: 0.0001030 seconds, Stopping threads took: 0.0000233 seconds
2022-03-28T22:51:40.666+0800: 55.546: Total time for which application threads were stopped: 0.0001600 seconds, Stopping threads took: 0.0000688 seconds
2022-03-28T22:51:40.667+0800: 55.547: Total time for which application threads were stopped: 0.0000967 seconds, Stopping threads took: 0.0000235 seconds
2022-03-28T22:51:40.668+0800: 55.548: Total time for which application threads were stopped: 0.0000825 seconds, Stopping threads took: 0.0000231 seconds
2022-03-28T22:51:41.674+0800: 56.554: Total time for which application threads were stopped: 0.0001198 seconds, Stopping threads took: 0.0000336 seconds
2022-03-28T22:51:42.678+0800: 57.558: Total time for which application threads were stopped: 0.0001260 seconds, Stopping threads took: 0.0000347 seconds
2022-03-28T22:51:43.683+0800: 58.563: Total time for which application threads were stopped: 0.0002531 seconds, Stopping threads took: 0.0000717 seconds
2022-03-28T22:51:43.684+0800: 58.565: Total time for which application threads were stopped: 0.0001482 seconds, Stopping threads took: 0.0000429 seconds
2022-03-28T22:51:44.686+0800: 59.566: Total time for which application threads were stopped: 0.0001014 seconds, Stopping threads took: 0.0000284 seconds
2022-03-28T22:51:45.687+0800: 60.567: Total time for which application threads were stopped: 0.0001064 seconds, Stopping threads took: 0.0000243 seconds
2022-03-28T22:51:46.694+0800: 61.575: Total time for which application threads were stopped: 0.0001140 seconds, Stopping threads took: 0.0000283 seconds
{Heap before GC invocations=17 (full 2):
 PSYoungGen      total 4608K, used 4294K [0x00000000ffb00000, 0x0000000100000000, 0x0000000100000000)
  eden space 4096K, 98% used [0x00000000ffb00000,0x00000000ffef1ac0,0x00000000fff00000)
  from space 512K, 50% used [0x00000000fff80000,0x00000000fffc0000,0x0000000100000000)
  to   space 512K, 0% used [0x00000000fff00000,0x00000000fff00000,0x00000000fff80000)
 ParOldGen       total 5120K, used 2564K [0x00000000ff600000, 0x00000000ffb00000, 0x00000000ffb00000)
  object space 5120K, 50% used [0x00000000ff600000,0x00000000ff881120,0x00000000ffb00000)
 Metaspace       used 12989K, capacity 13412K, committed 13824K, reserved 1060864K
  class space    used 1567K, capacity 1659K, committed 1792K, reserved 1048576K
2022-03-28T22:51:47.457+0800: 62.337: [GC (Allocation Failure) 2022-03-28T22:51:47.457+0800: 62.338: [SoftReference, 0 refs, 0.0000435 secs]2022-03-28T22:51:47.457+0800: 62.338: [WeakReference, 0 refs, 0.0000110 secs]2022-03-28T22:51:47.457+0800: 62.338: [FinalReference, 0 refs, 0.0000100 secs]2022-03-28T22:51:47.457+0800: 62.338: [PhantomReference, 0 refs, 0 refs, 0.0000103 secs]2022-03-28T22:51:47.457+0800: 62.338: [JNI Weak Reference, 0.0000121 secs]
Desired survivor size 524288 bytes, new threshold 1 (max 5)
[PSYoungGen: 4294K->192K(4608K)] 6858K->2932K(9728K), 0.0009417 secs] [Times: user=0.00 sys=0.00, real=0.00 secs] 
Heap after GC invocations=17 (full 2):
 PSYoungGen      total 4608K, used 192K [0x00000000ffb00000, 0x0000000100000000, 0x0000000100000000)
  eden space 4096K, 0% used [0x00000000ffb00000,0x00000000ffb00000,0x00000000fff00000)
  from space 512K, 37% used [0x00000000fff00000,0x00000000fff30000,0x00000000fff80000)
  to   space 512K, 0% used [0x00000000fff80000,0x00000000fff80000,0x0000000100000000)
 ParOldGen       total 5120K, used 2740K [0x00000000ff600000, 0x00000000ffb00000, 0x00000000ffb00000)
  object space 5120K, 53% used [0x00000000ff600000,0x00000000ff8ad120,0x00000000ffb00000)
 Metaspace       used 12989K, capacity 13412K, committed 13824K, reserved 1060864K
  class space    used 1567K, capacity 1659K, committed 1792K, reserved 1048576K
}
2022-03-28T22:51:47.458+0800: 62.338: Total time for which application threads were stopped: 0.0011641 seconds, Stopping threads took: 0.0000324 seconds
2022-03-28T22:51:47.698+0800: 62.579: Total time for which application threads were stopped: 0.0001097 seconds, Stopping threads took: 0.0000249 seconds
2022-03-28T22:51:48.703+0800: 63.583: Total time for which application threads were stopped: 0.0002129 seconds, Stopping threads took: 0.0000668 seconds
2022-03-28T22:51:48.705+0800: 63.585: Total time for which application threads were stopped: 0.0001089 seconds, Stopping threads took: 0.0000240 seconds
2022-03-28T22:51:49.705+0800: 64.586: Total time for which application threads were stopped: 0.0001144 seconds, Stopping threads took: 0.0000313 seconds
2022-03-28T22:51:50.713+0800: 65.594: Total time for which application threads were stopped: 0.0001108 seconds, Stopping threads took: 0.0000369 seconds
2022-03-28T22:51:50.715+0800: 65.596: Total time for which application threads were stopped: 0.0001002 seconds, Stopping threads took: 0.0000266 seconds
2022-03-28T22:51:51.720+0800: 66.600: Total time for which application threads were stopped: 0.0001239 seconds, Stopping threads took: 0.0000310 seconds
2022-03-28T22:51:52.726+0800: 67.606: Total time for which application threads were stopped: 0.0000988 seconds, Stopping threads took: 0.0000225 seconds
2022-03-28T22:51:53.732+0800: 68.612: Total time for which application threads were stopped: 0.0001043 seconds, Stopping threads took: 0.0000244 seconds
2022-03-28T22:51:54.739+0800: 69.619: Total time for which application threads were stopped: 0.0001910 seconds, Stopping threads took: 0.0000845 seconds
2022-03-28T22:51:54.740+0800: 69.620: Total time for which application threads were stopped: 0.0001140 seconds, Stopping threads took: 0.0000323 seconds
2022-03-28T22:51:55.745+0800: 70.625: Total time for which application threads were stopped: 0.0001011 seconds, Stopping threads took: 0.0000276 seconds
2022-03-28T22:51:56.753+0800: 71.634: Total time for which application threads were stopped: 0.0001715 seconds, Stopping threads took: 0.0000330 seconds
2022-03-28T22:51:57.753+0800: 72.633: Total time for which application threads were stopped: 0.0001059 seconds, Stopping threads took: 0.0000256 seconds
{Heap before GC invocations=18 (full 2):
 PSYoungGen      total 4608K, used 4022K [0x00000000ffb00000, 0x0000000100000000, 0x0000000100000000)
  eden space 4096K, 93% used [0x00000000ffb00000,0x00000000ffebdb20,0x00000000fff00000)
  from space 512K, 37% used [0x00000000fff00000,0x00000000fff30000,0x00000000fff80000)
  to   space 512K, 0% used [0x00000000fff80000,0x00000000fff80000,0x0000000100000000)
 ParOldGen       total 5120K, used 2740K [0x00000000ff600000, 0x00000000ffb00000, 0x00000000ffb00000)
  object space 5120K, 53% used [0x00000000ff600000,0x00000000ff8ad120,0x00000000ffb00000)
 Metaspace       used 13042K, capacity 13412K, committed 13824K, reserved 1060864K
  class space    used 1567K, capacity 1659K, committed 1792K, reserved 1048576K
2022-03-28T22:51:58.515+0800: 73.395: [GC (Allocation Failure) 2022-03-28T22:51:58.515+0800: 73.396: [SoftReference, 0 refs, 0.0000337 secs]2022-03-28T22:51:58.515+0800: 73.396: [WeakReference, 0 refs, 0.0000093 secs]2022-03-28T22:51:58.515+0800: 73.396: [FinalReference, 0 refs, 0.0000090 secs]2022-03-28T22:51:58.515+0800: 73.396: [PhantomReference, 0 refs, 0 refs, 0.0000089 secs]2022-03-28T22:51:58.515+0800: 73.396: [JNI Weak Reference, 0.0000110 secs]
Desired survivor size 524288 bytes, new threshold 1 (max 5)
[PSYoungGen: 4022K->128K(4608K)] 6763K->2924K(9728K), 0.0009820 secs] [Times: user=0.00 sys=0.00, real=0.00 secs] 
Heap after GC invocations=18 (full 2):
 PSYoungGen      total 4608K, used 128K [0x00000000ffb00000, 0x0000000100000000, 0x0000000100000000)
  eden space 4096K, 0% used [0x00000000ffb00000,0x00000000ffb00000,0x00000000fff00000)
  from space 512K, 25% used [0x00000000fff80000,0x00000000fffa0000,0x0000000100000000)
  to   space 512K, 0% used [0x00000000fff00000,0x00000000fff00000,0x00000000fff80000)
 ParOldGen       total 5120K, used 2796K [0x00000000ff600000, 0x00000000ffb00000, 0x00000000ffb00000)
  object space 5120K, 54% used [0x00000000ff600000,0x00000000ff8bb120,0x00000000ffb00000)
 Metaspace       used 13042K, capacity 13412K, committed 13824K, reserved 1060864K
  class space    used 1567K, capacity 1659K, committed 1792K, reserved 1048576K
}
2022-03-28T22:51:58.516+0800: 73.396: Total time for which application threads were stopped: 0.0013110 seconds, Stopping threads took: 0.0000419 seconds
2022-03-28T22:51:58.755+0800: 73.636: Total time for which application threads were stopped: 0.0001028 seconds, Stopping threads took: 0.0000258 seconds
2022-03-28T22:51:59.761+0800: 74.641: Total time for which application threads were stopped: 0.0001458 seconds, Stopping threads took: 0.0000417 seconds
2022-03-28T22:51:59.762+0800: 74.642: Total time for which application threads were stopped: 0.0001024 seconds, Stopping threads took: 0.0000237 seconds
2022-03-28T22:52:00.767+0800: 75.648: Total time for which application threads were stopped: 0.0001118 seconds, Stopping threads took: 0.0000267 seconds
2022-03-28T22:52:00.769+0800: 75.649: Total time for which application threads were stopped: 0.0000902 seconds, Stopping threads took: 0.0000258 seconds
2022-03-28T22:52:01.774+0800: 76.654: Total time for which application threads were stopped: 0.0001280 seconds, Stopping threads took: 0.0000255 seconds
2022-03-28T22:52:02.776+0800: 77.657: Total time for which application threads were stopped: 0.0001339 seconds, Stopping threads took: 0.0000343 seconds
2022-03-28T22:52:03.779+0800: 78.660: Total time for which application threads were stopped: 0.0001123 seconds, Stopping threads took: 0.0000247 seconds
2022-03-28T22:52:04.785+0800: 79.665: Total time for which application threads were stopped: 0.0001093 seconds, Stopping threads took: 0.0000250 seconds
2022-03-28T22:52:05.792+0800: 80.672: Total time for which application threads were stopped: 0.0001029 seconds, Stopping threads took: 0.0000275 seconds
2022-03-28T22:52:06.798+0800: 81.678: Total time for which application threads were stopped: 0.0001109 seconds, Stopping threads took: 0.0000262 seconds
2022-03-28T22:52:07.804+0800: 82.684: Total time for which application threads were stopped: 0.0000985 seconds, Stopping threads took: 0.0000240 seconds
{Heap before GC invocations=19 (full 2):
 PSYoungGen      total 4608K, used 3798K [0x00000000ffb00000, 0x0000000100000000, 0x0000000100000000)
  eden space 4096K, 89% used [0x00000000ffb00000,0x00000000ffe95b00,0x00000000fff00000)
  from space 512K, 25% used [0x00000000fff80000,0x00000000fffa0000,0x0000000100000000)
  to   space 512K, 0% used [0x00000000fff00000,0x00000000fff00000,0x00000000fff80000)
 ParOldGen       total 5120K, used 2796K [0x00000000ff600000, 0x00000000ffb00000, 0x00000000ffb00000)
  object space 5120K, 54% used [0x00000000ff600000,0x00000000ff8bb120,0x00000000ffb00000)
 Metaspace       used 13047K, capacity 13412K, committed 13824K, reserved 1060864K
  class space    used 1567K, capacity 1659K, committed 1792K, reserved 1048576K
2022-03-28T22:52:08.569+0800: 83.449: [GC (Allocation Failure) 2022-03-28T22:52:08.569+0800: 83.449: [SoftReference, 0 refs, 0.0000332 secs]2022-03-28T22:52:08.569+0800: 83.449: [WeakReference, 0 refs, 0.0000108 secs]2022-03-28T22:52:08.569+0800: 83.449: [FinalReference, 0 refs, 0.0000098 secs]2022-03-28T22:52:08.569+0800: 83.449: [PhantomReference, 0 refs, 0 refs, 0.0000103 secs]2022-03-28T22:52:08.569+0800: 83.449: [JNI Weak Reference, 0.0000126 secs]
Desired survivor size 524288 bytes, new threshold 1 (max 5)
[PSYoungGen: 3798K->64K(4608K)] 6595K->2884K(9728K), 0.0009366 secs] [Times: user=0.00 sys=0.00, real=0.00 secs] 
Heap after GC invocations=19 (full 2):
 PSYoungGen      total 4608K, used 64K [0x00000000ffb00000, 0x0000000100000000, 0x0000000100000000)
  eden space 4096K, 0% used [0x00000000ffb00000,0x00000000ffb00000,0x00000000fff00000)
  from space 512K, 12% used [0x00000000fff00000,0x00000000fff10000,0x00000000fff80000)
  to   space 512K, 0% used [0x00000000fff80000,0x00000000fff80000,0x0000000100000000)
 ParOldGen       total 5120K, used 2820K [0x00000000ff600000, 0x00000000ffb00000, 0x00000000ffb00000)
  object space 5120K, 55% used [0x00000000ff600000,0x00000000ff8c1120,0x00000000ffb00000)
 Metaspace       used 13047K, capacity 13412K, committed 13824K, reserved 1060864K
  class space    used 1567K, capacity 1659K, committed 1792K, reserved 1048576K
}
2022-03-28T22:52:08.570+0800: 83.450: Total time for which application threads were stopped: 0.0011575 seconds, Stopping threads took: 0.0000360 seconds
2022-03-28T22:52:08.809+0800: 83.689: Total time for which application threads were stopped: 0.0001053 seconds, Stopping threads took: 0.0000247 seconds
2022-03-28T22:52:09.814+0800: 84.694: Total time for which application threads were stopped: 0.0001225 seconds, Stopping threads took: 0.0000255 seconds
2022-03-28T22:52:10.822+0800: 85.702: Total time for which application threads were stopped: 0.0000996 seconds, Stopping threads took: 0.0000230 seconds
2022-03-28T22:52:10.823+0800: 85.703: Total time for which application threads were stopped: 0.0000887 seconds, Stopping threads took: 0.0000261 seconds
2022-03-28T22:52:11.828+0800: 86.708: Total time for which application threads were stopped: 0.0001038 seconds, Stopping threads took: 0.0000279 seconds
2022-03-28T22:52:12.836+0800: 87.716: Total time for which application threads were stopped: 0.0001023 seconds, Stopping threads took: 0.0000267 seconds
2022-03-28T22:52:13.842+0800: 88.722: Total time for which application threads were stopped: 0.0001023 seconds, Stopping threads took: 0.0000238 seconds
2022-03-28T22:52:14.847+0800: 89.727: Total time for which application threads were stopped: 0.0001212 seconds, Stopping threads took: 0.0000268 seconds
2022-03-28T22:52:15.852+0800: 90.732: Total time for which application threads were stopped: 0.0001487 seconds, Stopping threads took: 0.0000415 seconds
2022-03-28T22:52:15.853+0800: 90.734: Total time for which application threads were stopped: 0.0001081 seconds, Stopping threads took: 0.0000246 seconds
{Heap before GC invocations=20 (full 2):
 PSYoungGen      total 4608K, used 3747K [0x00000000ffb00000, 0x0000000100000000, 0x0000000100000000)
  eden space 4096K, 89% used [0x00000000ffb00000,0x00000000ffe98dd0,0x00000000fff00000)
  from space 512K, 12% used [0x00000000fff00000,0x00000000fff10000,0x00000000fff80000)
  to   space 512K, 0% used [0x00000000fff80000,0x00000000fff80000,0x0000000100000000)
 ParOldGen       total 5120K, used 2820K [0x00000000ff600000, 0x00000000ffb00000, 0x00000000ffb00000)
  object space 5120K, 55% used [0x00000000ff600000,0x00000000ff8c1120,0x00000000ffb00000)
 Metaspace       used 13047K, capacity 13412K, committed 13824K, reserved 1060864K
  class space    used 1567K, capacity 1659K, committed 1792K, reserved 1048576K
2022-03-28T22:52:16.614+0800: 91.494: [GC (Allocation Failure) 2022-03-28T22:52:16.614+0800: 91.495: [SoftReference, 0 refs, 0.0000278 secs]2022-03-28T22:52:16.614+0800: 91.495: [WeakReference, 0 refs, 0.0000074 secs]2022-03-28T22:52:16.614+0800: 91.495: [FinalReference, 0 refs, 0.0000070 secs]2022-03-28T22:52:16.614+0800: 91.495: [PhantomReference, 0 refs, 0 refs, 0.0000075 secs]2022-03-28T22:52:16.614+0800: 91.495: [JNI Weak Reference, 0.0000092 secs]
Desired survivor size 524288 bytes, new threshold 1 (max 5)
[PSYoungGen: 3747K->32K(4608K)] 6567K->2884K(9728K), 0.0007967 secs] [Times: user=0.00 sys=0.00, real=0.00 secs] 
Heap after GC invocations=20 (full 2):
 PSYoungGen      total 4608K, used 32K [0x00000000ffb00000, 0x0000000100000000, 0x0000000100000000)
  eden space 4096K, 0% used [0x00000000ffb00000,0x00000000ffb00000,0x00000000fff00000)
  from space 512K, 6% used [0x00000000fff80000,0x00000000fff88000,0x0000000100000000)
  to   space 512K, 0% used [0x00000000fff00000,0x00000000fff00000,0x00000000fff80000)
 ParOldGen       total 5120K, used 2852K [0x00000000ff600000, 0x00000000ffb00000, 0x00000000ffb00000)
  object space 5120K, 55% used [0x00000000ff600000,0x00000000ff8c9120,0x00000000ffb00000)
 Metaspace       used 13047K, capacity 13412K, committed 13824K, reserved 1060864K
  class space    used 1567K, capacity 1659K, committed 1792K, reserved 1048576K
}
2022-03-28T22:52:16.615+0800: 91.495: Total time for which application threads were stopped: 0.0010135 seconds, Stopping threads took: 0.0000356 seconds
2022-03-28T22:52:16.855+0800: 91.736: Total time for which application threads were stopped: 0.0001067 seconds, Stopping threads took: 0.0000248 seconds
2022-03-28T22:52:17.863+0800: 92.743: Total time for which application threads were stopped: 0.0001119 seconds, Stopping threads took: 0.0000275 seconds
2022-03-28T22:52:18.873+0800: 93.753: Total time for which application threads were stopped: 0.0001307 seconds, Stopping threads took: 0.0000372 seconds
2022-03-28T22:52:19.869+0800: 94.749: Total time for which application threads were stopped: 0.0001173 seconds, Stopping threads took: 0.0000294 seconds
2022-03-28T22:52:20.877+0800: 95.757: Total time for which application threads were stopped: 0.0001100 seconds, Stopping threads took: 0.0000250 seconds
2022-03-28T22:52:20.878+0800: 95.758: Total time for which application threads were stopped: 0.0000763 seconds, Stopping threads took: 0.0000195 seconds
2022-03-28T22:52:21.885+0800: 96.765: Total time for which application threads were stopped: 0.0001187 seconds, Stopping threads took: 0.0000324 seconds
2022-03-28T22:52:22.890+0800: 97.771: Total time for which application threads were stopped: 0.0001506 seconds, Stopping threads took: 0.0000318 seconds
2022-03-28T22:52:23.898+0800: 98.779: Total time for which application threads were stopped: 0.0001186 seconds, Stopping threads took: 0.0000257 seconds
2022-03-28T22:52:24.905+0800: 99.785: Total time for which application threads were stopped: 0.0001337 seconds, Stopping threads took: 0.0000334 seconds
2022-03-28T22:52:24.906+0800: 99.787: Total time for which application threads were stopped: 0.0001133 seconds, Stopping threads took: 0.0000262 seconds
2022-03-28T22:52:25.911+0800: 100.792: Total time for which application threads were stopped: 0.0001231 seconds, Stopping threads took: 0.0000213 seconds
{Heap before GC invocations=21 (full 2):
 PSYoungGen      total 4608K, used 4043K [0x00000000ffb00000, 0x0000000100000000, 0x0000000100000000)
  eden space 4096K, 97% used [0x00000000ffb00000,0x00000000ffeeac58,0x00000000fff00000)
  from space 512K, 6% used [0x00000000fff80000,0x00000000fff88000,0x0000000100000000)
  to   space 512K, 0% used [0x00000000fff00000,0x00000000fff00000,0x00000000fff80000)
 ParOldGen       total 5120K, used 2852K [0x00000000ff600000, 0x00000000ffb00000, 0x00000000ffb00000)
  object space 5120K, 55% used [0x00000000ff600000,0x00000000ff8c9120,0x00000000ffb00000)
 Metaspace       used 13060K, capacity 13476K, committed 13824K, reserved 1060864K
  class space    used 1567K, capacity 1659K, committed 1792K, reserved 1048576K
2022-03-28T22:52:26.677+0800: 101.557: [GC (Allocation Failure) 2022-03-28T22:52:26.677+0800: 101.558: [SoftReference, 0 refs, 0.0000222 secs]2022-03-28T22:52:26.677+0800: 101.558: [WeakReference, 0 refs, 0.0000078 secs]2022-03-28T22:52:26.677+0800: 101.558: [FinalReference, 0 refs, 0.0000071 secs]2022-03-28T22:52:26.677+0800: 101.558: [PhantomReference, 0 refs, 0 refs, 0.0000074 secs]2022-03-28T22:52:26.677+0800: 101.558: [JNI Weak Reference, 0.0000098 secs]
Desired survivor size 524288 bytes, new threshold 1 (max 5)
[PSYoungGen: 4043K->64K(4608K)] 6895K->2940K(9728K), 0.0008164 secs] [Times: user=0.00 sys=0.00, real=0.00 secs] 
Heap after GC invocations=21 (full 2):
 PSYoungGen      total 4608K, used 64K [0x00000000ffb00000, 0x0000000100000000, 0x0000000100000000)
  eden space 4096K, 0% used [0x00000000ffb00000,0x00000000ffb00000,0x00000000fff00000)
  from space 512K, 12% used [0x00000000fff00000,0x00000000fff10000,0x00000000fff80000)
  to   space 512K, 0% used [0x00000000fff80000,0x00000000fff80000,0x0000000100000000)
 ParOldGen       total 5120K, used 2876K [0x00000000ff600000, 0x00000000ffb00000, 0x00000000ffb00000)
  object space 5120K, 56% used [0x00000000ff600000,0x00000000ff8cf120,0x00000000ffb00000)
 Metaspace       used 13060K, capacity 13476K, committed 13824K, reserved 1060864K
  class space    used 1567K, capacity 1659K, committed 1792K, reserved 1048576K
}
2022-03-28T22:52:26.678+0800: 101.558: Total time for which application threads were stopped: 0.0009977 seconds, Stopping threads took: 0.0000307 seconds
2022-03-28T22:52:26.917+0800: 101.798: Total time for which application threads were stopped: 0.0000974 seconds, Stopping threads took: 0.0000189 seconds
2022-03-28T22:52:27.923+0800: 102.804: Total time for which application threads were stopped: 0.0001011 seconds, Stopping threads took: 0.0000239 seconds
2022-03-28T22:52:28.927+0800: 103.807: Total time for which application threads were stopped: 0.0000984 seconds, Stopping threads took: 0.0000250 seconds
2022-03-28T22:52:29.934+0800: 104.815: Total time for which application threads were stopped: 0.0001106 seconds, Stopping threads took: 0.0000312 seconds
2022-03-28T22:52:30.941+0800: 105.822: Total time for which application threads were stopped: 0.0001127 seconds, Stopping threads took: 0.0000267 seconds
2022-03-28T22:52:30.942+0800: 105.823: Total time for which application threads were stopped: 0.0000892 seconds, Stopping threads took: 0.0000239 seconds
2022-03-28T22:52:31.948+0800: 106.828: Total time for which application threads were stopped: 0.0001244 seconds, Stopping threads took: 0.0000257 seconds
2022-03-28T22:52:32.955+0800: 107.835: Total time for which application threads were stopped: 0.0001127 seconds, Stopping threads took: 0.0000234 seconds
2022-03-28T22:52:33.959+0800: 108.839: Total time for which application threads were stopped: 0.0001001 seconds, Stopping threads took: 0.0000230 seconds
2022-03-28T22:52:34.965+0800: 109.845: Total time for which application threads were stopped: 0.0001794 seconds, Stopping threads took: 0.0000260 seconds
2022-03-28T22:52:35.973+0800: 110.853: Total time for which application threads were stopped: 0.0001004 seconds, Stopping threads took: 0.0000238 seconds
{Heap before GC invocations=22 (full 2):
 PSYoungGen      total 4608K, used 3924K [0x00000000ffb00000, 0x0000000100000000, 0x0000000100000000)
  eden space 4096K, 94% used [0x00000000ffb00000,0x00000000ffec53a8,0x00000000fff00000)
  from space 512K, 12% used [0x00000000fff00000,0x00000000fff10000,0x00000000fff80000)
  to   space 512K, 0% used [0x00000000fff80000,0x00000000fff80000,0x0000000100000000)
 ParOldGen       total 5120K, used 2876K [0x00000000ff600000, 0x00000000ffb00000, 0x00000000ffb00000)
  object space 5120K, 56% used [0x00000000ff600000,0x00000000ff8cf120,0x00000000ffb00000)
 Metaspace       used 13062K, capacity 13476K, committed 13824K, reserved 1060864K
  class space    used 1567K, capacity 1659K, committed 1792K, reserved 1048576K
2022-03-28T22:52:36.739+0800: 111.619: [GC (Allocation Failure) 2022-03-28T22:52:36.739+0800: 111.619: [SoftReference, 0 refs, 0.0000313 secs]2022-03-28T22:52:36.739+0800: 111.619: [WeakReference, 0 refs, 0.0000109 secs]2022-03-28T22:52:36.739+0800: 111.619: [FinalReference, 0 refs, 0.0000100 secs]2022-03-28T22:52:36.739+0800: 111.620: [PhantomReference, 0 refs, 0 refs, 0.0000104 secs]2022-03-28T22:52:36.739+0800: 111.620: [JNI Weak Reference, 0.0000125 secs]
Desired survivor size 524288 bytes, new threshold 1 (max 5)
[PSYoungGen: 3924K->0K(4608K)] 6801K->2908K(9728K), 0.0008897 secs] [Times: user=0.00 sys=0.00, real=0.00 secs] 
Heap after GC invocations=22 (full 2):
 PSYoungGen      total 4608K, used 0K [0x00000000ffb00000, 0x0000000100000000, 0x0000000100000000)
  eden space 4096K, 0% used [0x00000000ffb00000,0x00000000ffb00000,0x00000000fff00000)
  from space 512K, 0% used [0x00000000fff80000,0x00000000fff80000,0x0000000100000000)
  to   space 512K, 0% used [0x00000000fff00000,0x00000000fff00000,0x00000000fff80000)
 ParOldGen       total 5120K, used 2908K [0x00000000ff600000, 0x00000000ffb00000, 0x00000000ffb00000)
  object space 5120K, 56% used [0x00000000ff600000,0x00000000ff8d7120,0x00000000ffb00000)
 Metaspace       used 13062K, capacity 13476K, committed 13824K, reserved 1060864K
  class space    used 1567K, capacity 1659K, committed 1792K, reserved 1048576K
}
2022-03-28T22:52:36.740+0800: 111.620: Total time for which application threads were stopped: 0.0011570 seconds, Stopping threads took: 0.0000410 seconds
2022-03-28T22:52:36.980+0800: 111.860: Total time for which application threads were stopped: 0.0001127 seconds, Stopping threads took: 0.0000256 seconds
2022-03-28T22:52:37.984+0800: 112.864: Total time for which application threads were stopped: 0.0001026 seconds, Stopping threads took: 0.0000246 seconds
2022-03-28T22:52:38.992+0800: 113.872: Total time for which application threads were stopped: 0.0001132 seconds, Stopping threads took: 0.0000246 seconds
2022-03-28T22:52:39.996+0800: 114.876: Total time for which application threads were stopped: 0.0000995 seconds, Stopping threads took: 0.0000226 seconds
2022-03-28T22:52:41.002+0800: 115.882: Total time for which application threads were stopped: 0.0000981 seconds, Stopping threads took: 0.0000228 seconds
2022-03-28T22:52:41.003+0800: 115.884: Total time for which application threads were stopped: 0.0000924 seconds, Stopping threads took: 0.0000249 seconds
2022-03-28T22:52:42.007+0800: 116.887: Total time for which application threads were stopped: 0.0001049 seconds, Stopping threads took: 0.0000235 seconds
2022-03-28T22:52:43.015+0800: 117.896: Total time for which application threads were stopped: 0.0001255 seconds, Stopping threads took: 0.0000282 seconds
2022-03-28T22:52:44.021+0800: 118.902: Total time for which application threads were stopped: 0.0001098 seconds, Stopping threads took: 0.0000255 seconds
2022-03-28T22:52:45.025+0800: 119.905: Total time for which application threads were stopped: 0.0001107 seconds, Stopping threads took: 0.0000317 seconds
2022-03-28T22:52:46.031+0800: 120.911: Total time for which application threads were stopped: 0.0001413 seconds, Stopping threads took: 0.0000412 seconds
2022-03-28T22:52:46.032+0800: 120.912: Total time for which application threads were stopped: 0.0001109 seconds, Stopping threads took: 0.0000232 seconds
{Heap before GC invocations=23 (full 2):
 PSYoungGen      total 4608K, used 4096K [0x00000000ffb00000, 0x0000000100000000, 0x0000000100000000)
  eden space 4096K, 100% used [0x00000000ffb00000,0x00000000fff00000,0x00000000fff00000)
  from space 512K, 0% used [0x00000000fff80000,0x00000000fff80000,0x0000000100000000)
  to   space 512K, 0% used [0x00000000fff00000,0x00000000fff00000,0x00000000fff80000)
 ParOldGen       total 5120K, used 2908K [0x00000000ff600000, 0x00000000ffb00000, 0x00000000ffb00000)
  object space 5120K, 56% used [0x00000000ff600000,0x00000000ff8d7120,0x00000000ffb00000)
 Metaspace       used 13063K, capacity 13476K, committed 13824K, reserved 1060864K
  class space    used 1567K, capacity 1659K, committed 1792K, reserved 1048576K
2022-03-28T22:52:47.036+0800: 121.916: [GC (Allocation Failure) 2022-03-28T22:52:47.037+0800: 121.917: [SoftReference, 0 refs, 0.0000340 secs]2022-03-28T22:52:47.037+0800: 121.917: [WeakReference, 0 refs, 0.0000104 secs]2022-03-28T22:52:47.037+0800: 121.917: [FinalReference, 0 refs, 0.0000103 secs]2022-03-28T22:52:47.037+0800: 121.917: [PhantomReference, 0 refs, 0 refs, 0.0000106 secs]2022-03-28T22:52:47.037+0800: 121.917: [JNI Weak Reference, 0.0000129 secs]
Desired survivor size 524288 bytes, new threshold 1 (max 5)
[PSYoungGen: 4096K->128K(4608K)] 7004K->3036K(9728K), 0.0008885 secs] [Times: user=0.00 sys=0.00, real=0.00 secs] 
Heap after GC invocations=23 (full 2):
 PSYoungGen      total 4608K, used 128K [0x00000000ffb00000, 0x0000000100000000, 0x0000000100000000)
  eden space 4096K, 0% used [0x00000000ffb00000,0x00000000ffb00000,0x00000000fff00000)
  from space 512K, 25% used [0x00000000fff00000,0x00000000fff20000,0x00000000fff80000)
  to   space 512K, 0% used [0x00000000fff80000,0x00000000fff80000,0x0000000100000000)
 ParOldGen       total 5120K, used 2908K [0x00000000ff600000, 0x00000000ffb00000, 0x00000000ffb00000)
  object space 5120K, 56% used [0x00000000ff600000,0x00000000ff8d7120,0x00000000ffb00000)
 Metaspace       used 13063K, capacity 13476K, committed 13824K, reserved 1060864K
  class space    used 1567K, capacity 1659K, committed 1792K, reserved 1048576K
}
2022-03-28T22:52:47.037+0800: 121.917: Total time for which application threads were stopped: 0.0011382 seconds, Stopping threads took: 0.0000346 seconds
2022-03-28T22:52:47.038+0800: 121.918: Total time for which application threads were stopped: 0.0000959 seconds, Stopping threads took: 0.0000213 seconds
2022-03-28T22:52:48.044+0800: 122.924: Total time for which application threads were stopped: 0.0001138 seconds, Stopping threads took: 0.0000330 seconds
2022-03-28T22:52:49.049+0800: 123.929: Total time for which application threads were stopped: 0.0001082 seconds, Stopping threads took: 0.0000252 seconds
2022-03-28T22:52:50.056+0800: 124.936: Total time for which application threads were stopped: 0.0001130 seconds, Stopping threads took: 0.0000237 seconds
2022-03-28T22:52:51.064+0800: 125.944: Total time for which application threads were stopped: 0.0001219 seconds, Stopping threads took: 0.0000264 seconds
2022-03-28T22:52:51.065+0800: 125.945: Total time for which application threads were stopped: 0.0000877 seconds, Stopping threads took: 0.0000241 seconds
2022-03-28T22:52:52.070+0800: 126.951: Total time for which application threads were stopped: 0.0000987 seconds, Stopping threads took: 0.0000235 seconds
2022-03-28T22:52:53.074+0800: 127.955: Total time for which application threads were stopped: 0.0001139 seconds, Stopping threads took: 0.0000294 seconds
2022-03-28T22:52:54.080+0800: 128.960: Total time for which application threads were stopped: 0.0001077 seconds, Stopping threads took: 0.0000247 seconds
2022-03-28T22:52:55.087+0800: 129.967: Total time for which application threads were stopped: 0.0001174 seconds, Stopping threads took: 0.0000266 seconds
2022-03-28T22:52:56.091+0800: 130.972: Total time for which application threads were stopped: 0.0001197 seconds, Stopping threads took: 0.0000262 seconds
2022-03-28T22:52:57.095+0800: 131.976: Total time for which application threads were stopped: 0.0001086 seconds, Stopping threads took: 0.0000243 seconds
2022-03-28T22:52:58.097+0800: 132.977: Total time for which application threads were stopped: 0.0001094 seconds, Stopping threads took: 0.0000236 seconds
{Heap before GC invocations=24 (full 2):
 PSYoungGen      total 4608K, used 3978K [0x00000000ffb00000, 0x0000000100000000, 0x0000000100000000)
  eden space 4096K, 94% used [0x00000000ffb00000,0x00000000ffec2990,0x00000000fff00000)
  from space 512K, 25% used [0x00000000fff00000,0x00000000fff20000,0x00000000fff80000)
  to   space 512K, 0% used [0x00000000fff80000,0x00000000fff80000,0x0000000100000000)
 ParOldGen       total 5120K, used 2908K [0x00000000ff600000, 0x00000000ffb00000, 0x00000000ffb00000)
  object space 5120K, 56% used [0x00000000ff600000,0x00000000ff8d7120,0x00000000ffb00000)
 Metaspace       used 13074K, capacity 13476K, committed 13824K, reserved 1060864K
  class space    used 1567K, capacity 1659K, committed 1792K, reserved 1048576K
2022-03-28T22:52:58.863+0800: 133.743: [GC (Allocation Failure) 2022-03-28T22:52:58.863+0800: 133.743: [SoftReference, 0 refs, 0.0000406 secs]2022-03-28T22:52:58.863+0800: 133.743: [WeakReference, 0 refs, 0.0000107 secs]2022-03-28T22:52:58.863+0800: 133.743: [FinalReference, 0 refs, 0.0000102 secs]2022-03-28T22:52:58.863+0800: 133.743: [PhantomReference, 0 refs, 0 refs, 0.0000105 secs]2022-03-28T22:52:58.863+0800: 133.743: [JNI Weak Reference, 0.0000129 secs]
Desired survivor size 524288 bytes, new threshold 1 (max 5)
[PSYoungGen: 3978K->32K(4608K)] 6886K->2956K(9728K), 0.0008865 secs] [Times: user=0.00 sys=0.00, real=0.00 secs] 
Heap after GC invocations=24 (full 2):
 PSYoungGen      total 4608K, used 32K [0x00000000ffb00000, 0x0000000100000000, 0x0000000100000000)
  eden space 4096K, 0% used [0x00000000ffb00000,0x00000000ffb00000,0x00000000fff00000)
  from space 512K, 6% used [0x00000000fff80000,0x00000000fff88000,0x0000000100000000)
  to   space 512K, 0% used [0x00000000fff00000,0x00000000fff00000,0x00000000fff80000)
 ParOldGen       total 5120K, used 2924K [0x00000000ff600000, 0x00000000ffb00000, 0x00000000ffb00000)
  object space 5120K, 57% used [0x00000000ff600000,0x00000000ff8db120,0x00000000ffb00000)
 Metaspace       used 13074K, capacity 13476K, committed 13824K, reserved 1060864K
  class space    used 1567K, capacity 1659K, committed 1792K, reserved 1048576K
}
2022-03-28T22:52:58.864+0800: 133.744: Total time for which application threads were stopped: 0.0011357 seconds, Stopping threads took: 0.0000377 seconds
2022-03-28T22:52:59.101+0800: 133.981: Total time for which application threads were stopped: 0.0000984 seconds, Stopping threads took: 0.0000231 seconds
2022-03-28T22:53:00.109+0800: 134.989: Total time for which application threads were stopped: 0.0001429 seconds, Stopping threads took: 0.0000403 seconds
2022-03-28T22:53:01.137+0800: 136.017: Total time for which application threads were stopped: 0.0001821 seconds, Stopping threads took: 0.0000592 seconds
2022-03-28T22:53:01.139+0800: 136.019: Total time for which application threads were stopped: 0.0001587 seconds, Stopping threads took: 0.0000438 seconds
2022-03-28T22:53:02.133+0800: 137.013: Total time for which application threads were stopped: 0.0001035 seconds, Stopping threads took: 0.0000262 seconds
2022-03-28T22:53:03.135+0800: 138.015: Total time for which application threads were stopped: 0.0001074 seconds, Stopping threads took: 0.0000235 seconds
2022-03-28T22:53:04.136+0800: 139.017: Total time for which application threads were stopped: 0.0000951 seconds, Stopping threads took: 0.0000218 seconds
2022-03-28T22:53:05.141+0800: 140.021: Total time for which application threads were stopped: 0.0001600 seconds, Stopping threads took: 0.0000348 seconds
2022-03-28T22:53:06.135+0800: 141.016: Total time for which application threads were stopped: 0.0000960 seconds, Stopping threads took: 0.0000230 seconds
2022-03-28T22:53:07.155+0800: 142.035: Total time for which application threads were stopped: 0.0001513 seconds, Stopping threads took: 0.0000303 seconds
2022-03-28T22:53:08.161+0800: 143.041: Total time for which application threads were stopped: 0.0001452 seconds, Stopping threads took: 0.0000279 seconds
2022-03-28T22:53:09.145+0800: 144.026: Total time for which application threads were stopped: 0.0001022 seconds, Stopping threads took: 0.0000238 seconds
{Heap before GC invocations=25 (full 2):
 PSYoungGen      total 4608K, used 4128K [0x00000000ffb00000, 0x0000000100000000, 0x0000000100000000)
  eden space 4096K, 100% used [0x00000000ffb00000,0x00000000fff00000,0x00000000fff00000)
  from space 512K, 6% used [0x00000000fff80000,0x00000000fff88000,0x0000000100000000)
  to   space 512K, 0% used [0x00000000fff00000,0x00000000fff00000,0x00000000fff80000)
 ParOldGen       total 5120K, used 2924K [0x00000000ff600000, 0x00000000ffb00000, 0x00000000ffb00000)
  object space 5120K, 57% used [0x00000000ff600000,0x00000000ff8db120,0x00000000ffb00000)
 Metaspace       used 13077K, capacity 13476K, committed 13824K, reserved 1060864K
  class space    used 1567K, capacity 1659K, committed 1792K, reserved 1048576K
2022-03-28T22:53:09.145+0800: 144.026: [GC (Allocation Failure) 2022-03-28T22:53:09.146+0800: 144.026: [SoftReference, 0 refs, 0.0000213 secs]2022-03-28T22:53:09.146+0800: 144.026: [WeakReference, 0 refs, 0.0000071 secs]2022-03-28T22:53:09.146+0800: 144.026: [FinalReference, 0 refs, 0.0000069 secs]2022-03-28T22:53:09.146+0800: 144.026: [PhantomReference, 0 refs, 0 refs, 0.0000072 secs]2022-03-28T22:53:09.146+0800: 144.026: [JNI Weak Reference, 0.0000095 secs]
Desired survivor size 524288 bytes, new threshold 1 (max 5)
[PSYoungGen: 4128K->224K(4608K)] 7052K->3164K(9728K), 0.0007386 secs] [Times: user=0.00 sys=0.00, real=0.00 secs] 
Heap after GC invocations=25 (full 2):
 PSYoungGen      total 4608K, used 224K [0x00000000ffb00000, 0x0000000100000000, 0x0000000100000000)
  eden space 4096K, 0% used [0x00000000ffb00000,0x00000000ffb00000,0x00000000fff00000)
  from space 512K, 43% used [0x00000000fff00000,0x00000000fff38000,0x00000000fff80000)
  to   space 512K, 0% used [0x00000000fff80000,0x00000000fff80000,0x0000000100000000)
 ParOldGen       total 5120K, used 2940K [0x00000000ff600000, 0x00000000ffb00000, 0x00000000ffb00000)
  object space 5120K, 57% used [0x00000000ff600000,0x00000000ff8df120,0x00000000ffb00000)
 Metaspace       used 13077K, capacity 13476K, committed 13824K, reserved 1060864K
  class space    used 1567K, capacity 1659K, committed 1792K, reserved 1048576K
}
2022-03-28T22:53:09.146+0800: 144.027: Total time for which application threads were stopped: 0.0008742 seconds, Stopping threads took: 0.0000070 seconds
2022-03-28T22:53:10.149+0800: 145.030: Total time for which application threads were stopped: 0.0001027 seconds, Stopping threads took: 0.0000245 seconds
2022-03-28T22:53:11.148+0800: 146.028: Total time for which application threads were stopped: 0.0001104 seconds, Stopping threads took: 0.0000289 seconds
2022-03-28T22:53:11.150+0800: 146.030: Total time for which application threads were stopped: 0.0000865 seconds, Stopping threads took: 0.0000254 seconds
2022-03-28T22:53:12.155+0800: 147.034: Total time for which application threads were stopped: 0.0001020 seconds, Stopping threads took: 0.0000232 seconds
2022-03-28T22:53:13.157+0800: 148.037: Total time for which application threads were stopped: 0.0000983 seconds, Stopping threads took: 0.0000228 seconds
2022-03-28T22:53:14.156+0800: 149.036: Total time for which application threads were stopped: 0.0001191 seconds, Stopping threads took: 0.0000258 seconds
2022-03-28T22:53:14.157+0800: 149.037: Total time for which application threads were stopped: 0.0001151 seconds, Stopping threads took: 0.0000297 seconds
2022-03-28T22:53:14.158+0800: 149.038: Total time for which application threads were stopped: 0.0001258 seconds, Stopping threads took: 0.0000312 seconds
2022-03-28T22:53:14.158+0800: 149.038: Total time for which application threads were stopped: 0.0000699 seconds, Stopping threads took: 0.0000144 seconds
2022-03-28T22:53:15.171+0800: 150.051: Total time for which application threads were stopped: 0.0000996 seconds, Stopping threads took: 0.0000215 seconds
2022-03-28T22:53:16.176+0800: 151.056: Total time for which application threads were stopped: 0.0001053 seconds, Stopping threads took: 0.0000238 seconds
2022-03-28T22:53:17.185+0800: 152.065: Total time for which application threads were stopped: 0.0001101 seconds, Stopping threads took: 0.0000251 seconds
2022-03-28T22:53:18.188+0800: 153.069: Total time for which application threads were stopped: 0.0001004 seconds, Stopping threads took: 0.0000227 seconds
2022-03-28T22:53:19.190+0800: 154.070: Total time for which application threads were stopped: 0.0001036 seconds, Stopping threads took: 0.0000232 seconds
2022-03-28T22:53:20.194+0800: 155.074: Total time for which application threads were stopped: 0.0001177 seconds, Stopping threads took: 0.0000277 seconds
2022-03-28T22:53:21.182+0800: 156.063: Total time for which application threads were stopped: 0.0001408 seconds, Stopping threads took: 0.0000310 seconds
2022-03-28T22:53:21.201+0800: 156.082: Total time for which application threads were stopped: 0.0001115 seconds, Stopping threads took: 0.0000243 seconds
2022-03-28T22:53:21.202+0800: 156.083: Total time for which application threads were stopped: 0.0000950 seconds, Stopping threads took: 0.0000238 seconds
{Heap before GC invocations=26 (full 2):
 PSYoungGen      total 4608K, used 4281K [0x00000000ffb00000, 0x0000000100000000, 0x0000000100000000)
  eden space 4096K, 99% used [0x00000000ffb00000,0x00000000ffef6648,0x00000000fff00000)
  from space 512K, 43% used [0x00000000fff00000,0x00000000fff38000,0x00000000fff80000)
  to   space 512K, 0% used [0x00000000fff80000,0x00000000fff80000,0x0000000100000000)
 ParOldGen       total 5120K, used 2940K [0x00000000ff600000, 0x00000000ffb00000, 0x00000000ffb00000)
  object space 5120K, 57% used [0x00000000ff600000,0x00000000ff8df120,0x00000000ffb00000)
 Metaspace       used 13077K, capacity 13476K, committed 13824K, reserved 1060864K
  class space    used 1567K, capacity 1659K, committed 1792K, reserved 1048576K
2022-03-28T22:53:21.972+0800: 156.852: [GC (Allocation Failure) 2022-03-28T22:53:21.972+0800: 156.853: [SoftReference, 0 refs, 0.0000237 secs]2022-03-28T22:53:21.972+0800: 156.853: [WeakReference, 0 refs, 0.0000080 secs]2022-03-28T22:53:21.972+0800: 156.853: [FinalReference, 2 refs, 0.0000080 secs]2022-03-28T22:53:21.972+0800: 156.853: [PhantomReference, 0 refs, 0 refs, 0.0000079 secs]2022-03-28T22:53:21.972+0800: 156.853: [JNI Weak Reference, 0.0000102 secs]
Desired survivor size 524288 bytes, new threshold 1 (max 5)
[PSYoungGen: 4281K->160K(4608K)] 7221K->3148K(9728K), 0.0007748 secs] [Times: user=0.00 sys=0.00, real=0.00 secs] 
Heap after GC invocations=26 (full 2):
 PSYoungGen      total 4608K, used 160K [0x00000000ffb00000, 0x0000000100000000, 0x0000000100000000)
  eden space 4096K, 0% used [0x00000000ffb00000,0x00000000ffb00000,0x00000000fff00000)
  from space 512K, 31% used [0x00000000fff80000,0x00000000fffa8000,0x0000000100000000)
  to   space 512K, 0% used [0x00000000fff00000,0x00000000fff00000,0x00000000fff80000)
 ParOldGen       total 5120K, used 2988K [0x00000000ff600000, 0x00000000ffb00000, 0x00000000ffb00000)
  object space 5120K, 58% used [0x00000000ff600000,0x00000000ff8eb120,0x00000000ffb00000)
 Metaspace       used 13077K, capacity 13476K, committed 13824K, reserved 1060864K
  class space    used 1567K, capacity 1659K, committed 1792K, reserved 1048576K
}
2022-03-28T22:53:21.973+0800: 156.853: Total time for which application threads were stopped: 0.0011175 seconds, Stopping threads took: 0.0000431 seconds
2022-03-28T22:53:22.204+0800: 157.084: Total time for which application threads were stopped: 0.0001122 seconds, Stopping threads took: 0.0000247 seconds
2022-03-28T22:53:23.203+0800: 158.084: Total time for which application threads were stopped: 0.0001010 seconds, Stopping threads took: 0.0000209 seconds
2022-03-28T22:53:24.207+0800: 159.088: Total time for which application threads were stopped: 0.0001080 seconds, Stopping threads took: 0.0000252 seconds
2022-03-28T22:53:25.213+0800: 160.092: Total time for which application threads were stopped: 0.0001049 seconds, Stopping threads took: 0.0000221 seconds
2022-03-28T22:53:26.227+0800: 161.107: Total time for which application threads were stopped: 0.0001789 seconds, Stopping threads took: 0.0000451 seconds
2022-03-28T22:53:27.237+0800: 162.117: Total time for which application threads were stopped: 0.0001139 seconds, Stopping threads took: 0.0000245 seconds
2022-03-28T22:53:28.256+0800: 163.136: Total time for which application threads were stopped: 0.0001478 seconds, Stopping threads took: 0.0000303 seconds
2022-03-28T22:53:29.239+0800: 164.120: Total time for which application threads were stopped: 0.0001040 seconds, Stopping threads took: 0.0000222 seconds
2022-03-28T22:53:30.239+0800: 165.119: Total time for which application threads were stopped: 0.0002148 seconds, Stopping threads took: 0.0000464 seconds
{Heap before GC invocations=27 (full 2):
 PSYoungGen      total 4608K, used 4256K [0x00000000ffb00000, 0x0000000100000000, 0x0000000100000000)
  eden space 4096K, 100% used [0x00000000ffb00000,0x00000000fff00000,0x00000000fff00000)
  from space 512K, 31% used [0x00000000fff80000,0x00000000fffa8000,0x0000000100000000)
  to   space 512K, 0% used [0x00000000fff00000,0x00000000fff00000,0x00000000fff80000)
 ParOldGen       total 5120K, used 2988K [0x00000000ff600000, 0x00000000ffb00000, 0x00000000ffb00000)
  object space 5120K, 58% used [0x00000000ff600000,0x00000000ff8eb120,0x00000000ffb00000)
 Metaspace       used 13081K, capacity 13476K, committed 13824K, reserved 1060864K
  class space    used 1568K, capacity 1659K, committed 1792K, reserved 1048576K
2022-03-28T22:53:30.251+0800: 165.131: [GC (Allocation Failure) 2022-03-28T22:53:30.252+0800: 165.132: [SoftReference, 0 refs, 0.0000351 secs]2022-03-28T22:53:30.252+0800: 165.132: [WeakReference, 0 refs, 0.0000105 secs]2022-03-28T22:53:30.252+0800: 165.132: [FinalReference, 0 refs, 0.0000094 secs]2022-03-28T22:53:30.252+0800: 165.132: [PhantomReference, 0 refs, 0 refs, 0.0000100 secs]2022-03-28T22:53:30.252+0800: 165.132: [JNI Weak Reference, 0.0000123 secs]
Desired survivor size 524288 bytes, new threshold 1 (max 5)
[PSYoungGen: 4256K->192K(4608K)] 7244K->3236K(9728K), 0.0009147 secs] [Times: user=0.00 sys=0.00, real=0.00 secs] 
Heap after GC invocations=27 (full 2):
 PSYoungGen      total 4608K, used 192K [0x00000000ffb00000, 0x0000000100000000, 0x0000000100000000)
  eden space 4096K, 0% used [0x00000000ffb00000,0x00000000ffb00000,0x00000000fff00000)
  from space 512K, 37% used [0x00000000fff00000,0x00000000fff30000,0x00000000fff80000)
  to   space 512K, 0% used [0x00000000fff80000,0x00000000fff80000,0x0000000100000000)
 ParOldGen       total 5120K, used 3044K [0x00000000ff600000, 0x00000000ffb00000, 0x00000000ffb00000)
  object space 5120K, 59% used [0x00000000ff600000,0x00000000ff8f9140,0x00000000ffb00000)
 Metaspace       used 13081K, capacity 13476K, committed 13824K, reserved 1060864K
  class space    used 1568K, capacity 1659K, committed 1792K, reserved 1048576K
}
2022-03-28T22:53:30.252+0800: 165.132: Total time for which application threads were stopped: 0.0011378 seconds, Stopping threads took: 0.0000289 seconds
2022-03-28T22:53:30.253+0800: 165.133: Total time for which application threads were stopped: 0.0000955 seconds, Stopping threads took: 0.0000239 seconds
2022-03-28T22:53:31.256+0800: 166.136: Total time for which application threads were stopped: 0.0001025 seconds, Stopping threads took: 0.0000239 seconds
2022-03-28T22:53:31.257+0800: 166.137: Total time for which application threads were stopped: 0.0000805 seconds, Stopping threads took: 0.0000207 seconds
2022-03-28T22:53:32.257+0800: 167.137: Total time for which application threads were stopped: 0.0001039 seconds, Stopping threads took: 0.0000229 seconds
2022-03-28T22:53:33.255+0800: 168.136: Total time for which application threads were stopped: 0.0001066 seconds, Stopping threads took: 0.0000227 seconds
2022-03-28T22:53:34.258+0800: 169.139: Total time for which application threads were stopped: 0.0000994 seconds, Stopping threads took: 0.0000225 seconds
2022-03-28T22:53:35.268+0800: 170.149: Total time for which application threads were stopped: 0.0001029 seconds, Stopping threads took: 0.0000240 seconds
2022-03-28T22:53:36.267+0800: 171.147: Total time for which application threads were stopped: 0.0001140 seconds, Stopping threads took: 0.0000241 seconds
2022-03-28T22:53:37.269+0800: 172.149: Total time for which application threads were stopped: 0.0001163 seconds, Stopping threads took: 0.0000259 seconds
2022-03-28T22:53:38.274+0800: 173.154: Total time for which application threads were stopped: 0.0002501 seconds, Stopping threads took: 0.0000295 seconds
{Heap before GC invocations=28 (full 2):
 PSYoungGen      total 4608K, used 4288K [0x00000000ffb00000, 0x0000000100000000, 0x0000000100000000)
  eden space 4096K, 100% used [0x00000000ffb00000,0x00000000fff00000,0x00000000fff00000)
  from space 512K, 37% used [0x00000000fff00000,0x00000000fff30000,0x00000000fff80000)
  to   space 512K, 0% used [0x00000000fff80000,0x00000000fff80000,0x0000000100000000)
 ParOldGen       total 5120K, used 3044K [0x00000000ff600000, 0x00000000ffb00000, 0x00000000ffb00000)
  object space 5120K, 59% used [0x00000000ff600000,0x00000000ff8f9140,0x00000000ffb00000)
 Metaspace       used 13083K, capacity 13482K, committed 13824K, reserved 1060864K
  class space    used 1568K, capacity 1660K, committed 1792K, reserved 1048576K
2022-03-28T22:53:39.251+0800: 174.131: [GC (Allocation Failure) 2022-03-28T22:53:39.251+0800: 174.131: [SoftReference, 0 refs, 0.0000360 secs]2022-03-28T22:53:39.251+0800: 174.131: [WeakReference, 0 refs, 0.0000076 secs]2022-03-28T22:53:39.251+0800: 174.131: [FinalReference, 0 refs, 0.0000070 secs]2022-03-28T22:53:39.251+0800: 174.131: [PhantomReference, 0 refs, 0 refs, 0.0000074 secs]2022-03-28T22:53:39.251+0800: 174.131: [JNI Weak Reference, 0.0000091 secs]
Desired survivor size 524288 bytes, new threshold 1 (max 5)
[PSYoungGen: 4288K->192K(4608K)] 7332K->3284K(9728K), 0.0007822 secs] [Times: user=0.00 sys=0.00, real=0.00 secs] 
Heap after GC invocations=28 (full 2):
 PSYoungGen      total 4608K, used 192K [0x00000000ffb00000, 0x0000000100000000, 0x0000000100000000)
  eden space 4096K, 0% used [0x00000000ffb00000,0x00000000ffb00000,0x00000000fff00000)
  from space 512K, 37% used [0x00000000fff80000,0x00000000fffb0000,0x0000000100000000)
  to   space 512K, 0% used [0x00000000fff00000,0x00000000fff00000,0x00000000fff80000)
 ParOldGen       total 5120K, used 3092K [0x00000000ff600000, 0x00000000ffb00000, 0x00000000ffb00000)
  object space 5120K, 60% used [0x00000000ff600000,0x00000000ff905140,0x00000000ffb00000)
 Metaspace       used 13083K, capacity 13482K, committed 13824K, reserved 1060864K
  class space    used 1568K, capacity 1660K, committed 1792K, reserved 1048576K
}
2022-03-28T22:53:39.252+0800: 174.132: Total time for which application threads were stopped: 0.0009741 seconds, Stopping threads took: 0.0000262 seconds
2022-03-28T22:53:39.276+0800: 174.156: Total time for which application threads were stopped: 0.0001098 seconds, Stopping threads took: 0.0000270 seconds
2022-03-28T22:53:40.280+0800: 175.160: Total time for which application threads were stopped: 0.0001039 seconds, Stopping threads took: 0.0000255 seconds
2022-03-28T22:53:41.284+0800: 176.164: Total time for which application threads were stopped: 0.0001632 seconds, Stopping threads took: 0.0000390 seconds
2022-03-28T22:53:41.285+0800: 176.165: Total time for which application threads were stopped: 0.0000842 seconds, Stopping threads took: 0.0000237 seconds
2022-03-28T22:53:42.288+0800: 177.168: Total time for which application threads were stopped: 0.0001145 seconds, Stopping threads took: 0.0000244 seconds
2022-03-28T22:53:43.292+0800: 178.172: Total time for which application threads were stopped: 0.0001528 seconds, Stopping threads took: 0.0000429 seconds
2022-03-28T22:53:43.293+0800: 178.173: Total time for which application threads were stopped: 0.0001170 seconds, Stopping threads took: 0.0000293 seconds
2022-03-28T22:53:44.298+0800: 179.179: Total time for which application threads were stopped: 0.0001163 seconds, Stopping threads took: 0.0000256 seconds
2022-03-28T22:53:45.305+0800: 180.185: Total time for which application threads were stopped: 0.0001234 seconds, Stopping threads took: 0.0000295 seconds
2022-03-28T22:53:46.309+0800: 181.189: Total time for which application threads were stopped: 0.0001427 seconds, Stopping threads took: 0.0000379 seconds
2022-03-28T22:53:47.323+0800: 182.203: Total time for which application threads were stopped: 0.0001098 seconds, Stopping threads took: 0.0000251 seconds
2022-03-28T22:53:48.337+0800: 183.217: Total time for which application threads were stopped: 0.0000976 seconds, Stopping threads took: 0.0000230 seconds
{Heap before GC invocations=29 (full 2):
 PSYoungGen      total 4608K, used 4015K [0x00000000ffb00000, 0x0000000100000000, 0x0000000100000000)
  eden space 4096K, 93% used [0x00000000ffb00000,0x00000000ffebbca0,0x00000000fff00000)
  from space 512K, 37% used [0x00000000fff80000,0x00000000fffb0000,0x0000000100000000)
  to   space 512K, 0% used [0x00000000fff00000,0x00000000fff00000,0x00000000fff80000)
 ParOldGen       total 5120K, used 3092K [0x00000000ff600000, 0x00000000ffb00000, 0x00000000ffb00000)
  object space 5120K, 60% used [0x00000000ff600000,0x00000000ff905140,0x00000000ffb00000)
 Metaspace       used 13084K, capacity 13482K, committed 13824K, reserved 1060864K
  class space    used 1568K, capacity 1660K, committed 1792K, reserved 1048576K
2022-03-28T22:53:49.142+0800: 184.023: [GC (Allocation Failure) 2022-03-28T22:53:49.143+0800: 184.023: [SoftReference, 0 refs, 0.0000531 secs]2022-03-28T22:53:49.143+0800: 184.023: [WeakReference, 0 refs, 0.0000174 secs]2022-03-28T22:53:49.143+0800: 184.023: [FinalReference, 0 refs, 0.0000102 secs]2022-03-28T22:53:49.143+0800: 184.023: [PhantomReference, 0 refs, 0 refs, 0.0000106 secs]2022-03-28T22:53:49.143+0800: 184.023: [JNI Weak Reference, 0.0000128 secs]
Desired survivor size 524288 bytes, new threshold 1 (max 5)
[PSYoungGen: 4015K->64K(4608K)] 7107K->3196K(9728K), 0.0010379 secs] [Times: user=0.00 sys=0.00, real=0.00 secs] 
Heap after GC invocations=29 (full 2):
 PSYoungGen      total 4608K, used 64K [0x00000000ffb00000, 0x0000000100000000, 0x0000000100000000)
  eden space 4096K, 0% used [0x00000000ffb00000,0x00000000ffb00000,0x00000000fff00000)
  from space 512K, 12% used [0x00000000fff00000,0x00000000fff10000,0x00000000fff80000)
  to   space 512K, 0% used [0x00000000fff80000,0x00000000fff80000,0x0000000100000000)
 ParOldGen       total 5120K, used 3132K [0x00000000ff600000, 0x00000000ffb00000, 0x00000000ffb00000)
  object space 5120K, 61% used [0x00000000ff600000,0x00000000ff90f140,0x00000000ffb00000)
 Metaspace       used 13084K, capacity 13482K, committed 13824K, reserved 1060864K
  class space    used 1568K, capacity 1660K, committed 1792K, reserved 1048576K
}
2022-03-28T22:53:49.143+0800: 184.024: Total time for which application threads were stopped: 0.0013590 seconds, Stopping threads took: 0.0000766 seconds
2022-03-28T22:53:49.347+0800: 184.228: Total time for which application threads were stopped: 0.0001219 seconds, Stopping threads took: 0.0000346 seconds
2022-03-28T22:53:50.382+0800: 185.263: Total time for which application threads were stopped: 0.0001139 seconds, Stopping threads took: 0.0000246 seconds
2022-03-28T22:53:51.370+0800: 186.250: Total time for which application threads were stopped: 0.0000994 seconds, Stopping threads took: 0.0000203 seconds
2022-03-28T22:53:51.371+0800: 186.251: Total time for which application threads were stopped: 0.0000920 seconds, Stopping threads took: 0.0000243 seconds
2022-03-28T22:53:52.381+0800: 187.261: Total time for which application threads were stopped: 0.0001082 seconds, Stopping threads took: 0.0000258 seconds
2022-03-28T22:53:53.388+0800: 188.270: Total time for which application threads were stopped: 0.0001080 seconds, Stopping threads took: 0.0000256 seconds
2022-03-28T22:53:54.402+0800: 189.282: Total time for which application threads were stopped: 0.0001058 seconds, Stopping threads took: 0.0000246 seconds
2022-03-28T22:53:55.415+0800: 190.295: Total time for which application threads were stopped: 0.0001142 seconds, Stopping threads took: 0.0000291 seconds
2022-03-28T22:53:56.415+0800: 191.295: Total time for which application threads were stopped: 0.0001512 seconds, Stopping threads took: 0.0000413 seconds
2022-03-28T22:53:56.415+0800: 191.296: Total time for which application threads were stopped: 0.0001005 seconds, Stopping threads took: 0.0000227 seconds
2022-03-28T22:53:57.419+0800: 192.301: Total time for which application threads were stopped: 0.0001004 seconds, Stopping threads took: 0.0000232 seconds
2022-03-28T22:53:58.430+0800: 193.311: Total time for which application threads were stopped: 0.0001303 seconds, Stopping threads took: 0.0000290 seconds
2022-03-28T22:53:59.446+0800: 194.328: Total time for which application threads were stopped: 0.0001758 seconds, Stopping threads took: 0.0000363 seconds
{Heap before GC invocations=30 (full 2):
 PSYoungGen      total 4608K, used 4160K [0x00000000ffb00000, 0x0000000100000000, 0x0000000100000000)
  eden space 4096K, 100% used [0x00000000ffb00000,0x00000000fff00000,0x00000000fff00000)
  from space 512K, 12% used [0x00000000fff00000,0x00000000fff10000,0x00000000fff80000)
  to   space 512K, 0% used [0x00000000fff80000,0x00000000fff80000,0x0000000100000000)
 ParOldGen       total 5120K, used 3132K [0x00000000ff600000, 0x00000000ffb00000, 0x00000000ffb00000)
  object space 5120K, 61% used [0x00000000ff600000,0x00000000ff90f140,0x00000000ffb00000)
 Metaspace       used 13094K, capacity 13482K, committed 13824K, reserved 1060864K
  class space    used 1568K, capacity 1660K, committed 1792K, reserved 1048576K
2022-03-28T22:54:00.384+0800: 195.264: [GC (Allocation Failure) 2022-03-28T22:54:00.385+0800: 195.265: [SoftReference, 0 refs, 0.0000360 secs]2022-03-28T22:54:00.385+0800: 195.265: [WeakReference, 0 refs, 0.0000080 secs]2022-03-28T22:54:00.385+0800: 195.265: [FinalReference, 0 refs, 0.0000072 secs]2022-03-28T22:54:00.385+0800: 195.265: [PhantomReference, 0 refs, 0 refs, 0.0000074 secs]2022-03-28T22:54:00.385+0800: 195.265: [JNI Weak Reference, 0.0000097 secs]
Desired survivor size 524288 bytes, new threshold 1 (max 5)
[PSYoungGen: 4160K->32K(4608K)] 7292K->3196K(9728K), 0.0007387 secs] [Times: user=0.00 sys=0.00, real=0.00 secs] 
Heap after GC invocations=30 (full 2):
 PSYoungGen      total 4608K, used 32K [0x00000000ffb00000, 0x0000000100000000, 0x0000000100000000)
  eden space 4096K, 0% used [0x00000000ffb00000,0x00000000ffb00000,0x00000000fff00000)
  from space 512K, 6% used [0x00000000fff80000,0x00000000fff88000,0x0000000100000000)
  to   space 512K, 0% used [0x00000000fff00000,0x00000000fff00000,0x00000000fff80000)
 ParOldGen       total 5120K, used 3164K [0x00000000ff600000, 0x00000000ffb00000, 0x00000000ffb00000)
  object space 5120K, 61% used [0x00000000ff600000,0x00000000ff917140,0x00000000ffb00000)
 Metaspace       used 13094K, capacity 13482K, committed 13824K, reserved 1060864K
  class space    used 1568K, capacity 1660K, committed 1792K, reserved 1048576K
}
2022-03-28T22:54:00.385+0800: 195.265: Total time for which application threads were stopped: 0.0009308 seconds, Stopping threads took: 0.0000328 seconds
2022-03-28T22:54:00.449+0800: 195.330: Total time for which application threads were stopped: 0.0001210 seconds, Stopping threads took: 0.0000263 seconds
2022-03-28T22:54:01.458+0800: 196.339: Total time for which application threads were stopped: 0.0001210 seconds, Stopping threads took: 0.0000253 seconds
2022-03-28T22:54:01.458+0800: 196.341: Total time for which application threads were stopped: 0.0001052 seconds, Stopping threads took: 0.0000286 seconds
2022-03-28T22:54:02.458+0800: 197.341: Total time for which application threads were stopped: 0.0002694 seconds, Stopping threads took: 0.0001451 seconds
2022-03-28T22:54:03.462+0800: 198.343: Total time for which application threads were stopped: 0.0001171 seconds, Stopping threads took: 0.0000234 seconds
2022-03-28T22:54:04.477+0800: 199.358: Total time for which application threads were stopped: 0.0001203 seconds, Stopping threads took: 0.0000268 seconds
2022-03-28T22:54:05.493+0800: 200.374: Total time for which application threads were stopped: 0.0001055 seconds, Stopping threads took: 0.0000243 seconds
2022-03-28T22:54:06.493+0800: 201.374: Total time for which application threads were stopped: 0.0001042 seconds, Stopping threads took: 0.0000239 seconds
2022-03-28T22:54:07.495+0800: 202.375: Total time for which application threads were stopped: 0.0001030 seconds, Stopping threads took: 0.0000247 seconds
2022-03-28T22:54:08.500+0800: 203.380: Total time for which application threads were stopped: 0.0001002 seconds, Stopping threads took: 0.0000236 seconds
2022-03-28T22:54:09.500+0800: 204.381: Total time for which application threads were stopped: 0.0001583 seconds, Stopping threads took: 0.0000327 seconds
2022-03-28T22:54:10.501+0800: 205.381: Total time for which application threads were stopped: 0.0000988 seconds, Stopping threads took: 0.0000225 seconds
{Heap before GC invocations=31 (full 2):
 PSYoungGen      total 4608K, used 4128K [0x00000000ffb00000, 0x0000000100000000, 0x0000000100000000)
  eden space 4096K, 100% used [0x00000000ffb00000,0x00000000fff00000,0x00000000fff00000)
  from space 512K, 6% used [0x00000000fff80000,0x00000000fff88000,0x0000000100000000)
  to   space 512K, 0% used [0x00000000fff00000,0x00000000fff00000,0x00000000fff80000)
 ParOldGen       total 5120K, used 3164K [0x00000000ff600000, 0x00000000ffb00000, 0x00000000ffb00000)
  object space 5120K, 61% used [0x00000000ff600000,0x00000000ff917140,0x00000000ffb00000)
 Metaspace       used 13094K, capacity 13482K, committed 13824K, reserved 1060864K
  class space    used 1568K, capacity 1660K, committed 1792K, reserved 1048576K
2022-03-28T22:54:11.468+0800: 206.348: [GC (Allocation Failure) 2022-03-28T22:54:11.468+0800: 206.348: [SoftReference, 0 refs, 0.0000247 secs]2022-03-28T22:54:11.468+0800: 206.348: [WeakReference, 0 refs, 0.0000073 secs]2022-03-28T22:54:11.468+0800: 206.348: [FinalReference, 0 refs, 0.0000071 secs]2022-03-28T22:54:11.468+0800: 206.348: [PhantomReference, 0 refs, 0 refs, 0.0000074 secs]2022-03-28T22:54:11.468+0800: 206.348: [JNI Weak Reference, 0.0000092 secs]
Desired survivor size 524288 bytes, new threshold 1 (max 5)
[PSYoungGen: 4128K->160K(4608K)] 7292K->3324K(9728K), 0.0007463 secs] [Times: user=0.00 sys=0.00, real=0.00 secs] 
Heap after GC invocations=31 (full 2):
 PSYoungGen      total 4608K, used 160K [0x00000000ffb00000, 0x0000000100000000, 0x0000000100000000)
  eden space 4096K, 0% used [0x00000000ffb00000,0x00000000ffb00000,0x00000000fff00000)
  from space 512K, 31% used [0x00000000fff00000,0x00000000fff28000,0x00000000fff80000)
  to   space 512K, 0% used [0x00000000fff80000,0x00000000fff80000,0x0000000100000000)
 ParOldGen       total 5120K, used 3164K [0x00000000ff600000, 0x00000000ffb00000, 0x00000000ffb00000)
  object space 5120K, 61% used [0x00000000ff600000,0x00000000ff917140,0x00000000ffb00000)
 Metaspace       used 13094K, capacity 13482K, committed 13824K, reserved 1060864K
  class space    used 1568K, capacity 1660K, committed 1792K, reserved 1048576K
}
2022-03-28T22:54:11.469+0800: 206.348: Total time for which application threads were stopped: 0.0009224 seconds, Stopping threads took: 0.0000278 seconds
2022-03-28T22:54:11.511+0800: 206.390: Total time for which application threads were stopped: 0.0001258 seconds, Stopping threads took: 0.0000280 seconds
2022-03-28T22:54:11.512+0800: 206.392: Total time for which application threads were stopped: 0.0000856 seconds, Stopping threads took: 0.0000224 seconds
2022-03-28T22:54:12.512+0800: 207.392: Total time for which application threads were stopped: 0.0001349 seconds, Stopping threads took: 0.0000370 seconds
2022-03-28T22:54:13.518+0800: 208.398: Total time for which application threads were stopped: 0.0001358 seconds, Stopping threads took: 0.0000264 seconds
2022-03-28T22:54:14.520+0800: 209.400: Total time for which application threads were stopped: 0.0001204 seconds, Stopping threads took: 0.0000236 seconds
2022-03-28T22:54:15.523+0800: 210.403: Total time for which application threads were stopped: 0.0001017 seconds, Stopping threads took: 0.0000240 seconds
2022-03-28T22:54:16.525+0800: 211.405: Total time for which application threads were stopped: 0.0001011 seconds, Stopping threads took: 0.0000236 seconds
2022-03-28T22:54:17.530+0800: 212.410: Total time for which application threads were stopped: 0.0001078 seconds, Stopping threads took: 0.0000239 seconds
2022-03-28T22:54:18.533+0800: 213.413: Total time for which application threads were stopped: 0.0001237 seconds, Stopping threads took: 0.0000278 seconds
2022-03-28T22:54:19.535+0800: 214.415: Total time for which application threads were stopped: 0.0001417 seconds, Stopping threads took: 0.0000430 seconds
2022-03-28T22:54:19.536+0800: 214.416: Total time for which application threads were stopped: 0.0001007 seconds, Stopping threads took: 0.0000243 seconds
2022-03-28T22:54:20.540+0800: 215.420: Total time for which application threads were stopped: 0.0001005 seconds, Stopping threads took: 0.0000234 seconds
2022-03-28T22:54:21.542+0800: 216.422: Total time for which application threads were stopped: 0.0001024 seconds, Stopping threads took: 0.0000223 seconds
{Heap before GC invocations=32 (full 2):
 PSYoungGen      total 4608K, used 4256K [0x00000000ffb00000, 0x0000000100000000, 0x0000000100000000)
  eden space 4096K, 100% used [0x00000000ffb00000,0x00000000fff00000,0x00000000fff00000)
  from space 512K, 31% used [0x00000000fff00000,0x00000000fff28000,0x00000000fff80000)
  to   space 512K, 0% used [0x00000000fff80000,0x00000000fff80000,0x0000000100000000)
 ParOldGen       total 5120K, used 3164K [0x00000000ff600000, 0x00000000ffb00000, 0x00000000ffb00000)
  object space 5120K, 61% used [0x00000000ff600000,0x00000000ff917140,0x00000000ffb00000)
 Metaspace       used 13095K, capacity 13482K, committed 13824K, reserved 1060864K
  class space    used 1568K, capacity 1660K, committed 1792K, reserved 1048576K
2022-03-28T22:54:21.542+0800: 216.423: [GC (Allocation Failure) 2022-03-28T22:54:21.543+0800: 216.423: [SoftReference, 0 refs, 0.0000303 secs]2022-03-28T22:54:21.543+0800: 216.423: [WeakReference, 0 refs, 0.0000095 secs]2022-03-28T22:54:21.543+0800: 216.423: [FinalReference, 0 refs, 0.0000071 secs]2022-03-28T22:54:21.543+0800: 216.423: [PhantomReference, 0 refs, 0 refs, 0.0000075 secs]2022-03-28T22:54:21.543+0800: 216.423: [JNI Weak Reference, 0.0000090 secs]
Desired survivor size 524288 bytes, new threshold 1 (max 5)
[PSYoungGen: 4256K->224K(4608K)] 7420K->3388K(9728K), 0.0007097 secs] [Times: user=0.02 sys=0.02, real=0.00 secs] 
Heap after GC invocations=32 (full 2):
 PSYoungGen      total 4608K, used 224K [0x00000000ffb00000, 0x0000000100000000, 0x0000000100000000)
  eden space 4096K, 0% used [0x00000000ffb00000,0x00000000ffb00000,0x00000000fff00000)
  from space 512K, 43% used [0x00000000fff80000,0x00000000fffb8000,0x0000000100000000)
  to   space 512K, 0% used [0x00000000fff00000,0x00000000fff00000,0x00000000fff80000)
 ParOldGen       total 5120K, used 3164K [0x00000000ff600000, 0x00000000ffb00000, 0x00000000ffb00000)
  object space 5120K, 61% used [0x00000000ff600000,0x00000000ff917140,0x00000000ffb00000)
 Metaspace       used 13095K, capacity 13482K, committed 13824K, reserved 1060864K
  class space    used 1568K, capacity 1660K, committed 1792K, reserved 1048576K
}
2022-03-28T22:54:21.543+0800: 216.424: Total time for which application threads were stopped: 0.0008735 seconds, Stopping threads took: 0.0000106 seconds
2022-03-28T22:54:21.544+0800: 216.425: Total time for which application threads were stopped: 0.0000883 seconds, Stopping threads took: 0.0000244 seconds
2022-03-28T22:54:22.547+0800: 217.428: Total time for which application threads were stopped: 0.0001747 seconds, Stopping threads took: 0.0000391 seconds
2022-03-28T22:54:23.563+0800: 218.444: Total time for which application threads were stopped: 0.0001194 seconds, Stopping threads took: 0.0000265 seconds
2022-03-28T22:54:24.570+0800: 219.450: Total time for which application threads were stopped: 0.0001179 seconds, Stopping threads took: 0.0000248 seconds
2022-03-28T22:54:25.576+0800: 220.456: Total time for which application threads were stopped: 0.0001043 seconds, Stopping threads took: 0.0000240 seconds
2022-03-28T22:54:26.582+0800: 221.462: Total time for which application threads were stopped: 0.0001022 seconds, Stopping threads took: 0.0000247 seconds
2022-03-28T22:54:27.590+0800: 222.470: Total time for which application threads were stopped: 0.0001048 seconds, Stopping threads took: 0.0000228 seconds
2022-03-28T22:54:28.597+0800: 223.477: Total time for which application threads were stopped: 0.0001240 seconds, Stopping threads took: 0.0000230 seconds
2022-03-28T22:54:29.605+0800: 224.485: Total time for which application threads were stopped: 0.0000992 seconds, Stopping threads took: 0.0000240 seconds
2022-03-28T22:54:30.612+0800: 225.492: Total time for which application threads were stopped: 0.0001005 seconds, Stopping threads took: 0.0000240 seconds
2022-03-28T22:54:31.614+0800: 226.494: Total time for which application threads were stopped: 0.0001082 seconds, Stopping threads took: 0.0000239 seconds
2022-03-28T22:54:31.615+0800: 226.495: Total time for which application threads were stopped: 0.0000739 seconds, Stopping threads took: 0.0000203 seconds
{Heap before GC invocations=33 (full 2):
 PSYoungGen      total 4608K, used 4216K [0x00000000ffb00000, 0x0000000100000000, 0x0000000100000000)
  eden space 4096K, 97% used [0x00000000ffb00000,0x00000000ffee61c8,0x00000000fff00000)
  from space 512K, 43% used [0x00000000fff80000,0x00000000fffb8000,0x0000000100000000)
  to   space 512K, 0% used [0x00000000fff00000,0x00000000fff00000,0x00000000fff80000)
 ParOldGen       total 5120K, used 3164K [0x00000000ff600000, 0x00000000ffb00000, 0x00000000ffb00000)
  object space 5120K, 61% used [0x00000000ff600000,0x00000000ff917140,0x00000000ffb00000)
 Metaspace       used 13098K, capacity 13482K, committed 13824K, reserved 1060864K
  class space    used 1568K, capacity 1660K, committed 1792K, reserved 1048576K
2022-03-28T22:54:32.427+0800: 227.307: [GC (Allocation Failure) 2022-03-28T22:54:32.427+0800: 227.308: [SoftReference, 0 refs, 0.0000428 secs]2022-03-28T22:54:32.427+0800: 227.308: [WeakReference, 0 refs, 0.0000139 secs]2022-03-28T22:54:32.427+0800: 227.308: [FinalReference, 0 refs, 0.0000098 secs]2022-03-28T22:54:32.427+0800: 227.308: [PhantomReference, 0 refs, 0 refs, 0.0000102 secs]2022-03-28T22:54:32.427+0800: 227.308: [JNI Weak Reference, 0.0000128 secs]
Desired survivor size 524288 bytes, new threshold 1 (max 5)
[PSYoungGen: 4216K->0K(4608K)] 7380K->3164K(9728K), 0.0008869 secs] [Times: user=0.00 sys=0.00, real=0.00 secs] 
Heap after GC invocations=33 (full 2):
 PSYoungGen      total 4608K, used 0K [0x00000000ffb00000, 0x0000000100000000, 0x0000000100000000)
  eden space 4096K, 0% used [0x00000000ffb00000,0x00000000ffb00000,0x00000000fff00000)
  from space 512K, 0% used [0x00000000fff00000,0x00000000fff00000,0x00000000fff80000)
  to   space 512K, 0% used [0x00000000fff80000,0x00000000fff80000,0x0000000100000000)
 ParOldGen       total 5120K, used 3164K [0x00000000ff600000, 0x00000000ffb00000, 0x00000000ffb00000)
  object space 5120K, 61% used [0x00000000ff600000,0x00000000ff917140,0x00000000ffb00000)
 Metaspace       used 13098K, capacity 13482K, committed 13824K, reserved 1060864K
  class space    used 1568K, capacity 1660K, committed 1792K, reserved 1048576K
}
2022-03-28T22:54:32.428+0800: 227.308: Total time for which application threads were stopped: 0.0011607 seconds, Stopping threads took: 0.0000463 seconds
2022-03-28T22:54:32.620+0800: 227.500: Total time for which application threads were stopped: 0.0001067 seconds, Stopping threads took: 0.0000253 seconds
2022-03-28T22:54:33.628+0800: 228.508: Total time for which application threads were stopped: 0.0001117 seconds, Stopping threads took: 0.0000231 seconds
2022-03-28T22:54:34.630+0800: 229.510: Total time for which application threads were stopped: 0.0001166 seconds, Stopping threads took: 0.0000263 seconds
2022-03-28T22:54:35.635+0800: 230.515: Total time for which application threads were stopped: 0.0000989 seconds, Stopping threads took: 0.0000232 seconds
2022-03-28T22:54:36.641+0800: 231.522: Total time for which application threads were stopped: 0.0001183 seconds, Stopping threads took: 0.0000267 seconds
2022-03-28T22:54:37.647+0800: 232.528: Total time for which application threads were stopped: 0.0001143 seconds, Stopping threads took: 0.0000262 seconds
2022-03-28T22:54:38.656+0800: 233.536: Total time for which application threads were stopped: 0.0001215 seconds, Stopping threads took: 0.0000251 seconds
2022-03-28T22:54:39.660+0800: 234.540: Total time for which application threads were stopped: 0.0001154 seconds, Stopping threads took: 0.0000251 seconds
2022-03-28T22:54:40.665+0800: 235.545: Total time for which application threads were stopped: 0.0001070 seconds, Stopping threads took: 0.0000249 seconds
{Heap before GC invocations=34 (full 2):
 PSYoungGen      total 4608K, used 4021K [0x00000000ffb00000, 0x0000000100000000, 0x0000000100000000)
  eden space 4096K, 98% used [0x00000000ffb00000,0x00000000ffeed4d8,0x00000000fff00000)
  from space 512K, 0% used [0x00000000fff00000,0x00000000fff00000,0x00000000fff80000)
  to   space 512K, 0% used [0x00000000fff80000,0x00000000fff80000,0x0000000100000000)
 ParOldGen       total 5120K, used 3164K [0x00000000ff600000, 0x00000000ffb00000, 0x00000000ffb00000)
  object space 5120K, 61% used [0x00000000ff600000,0x00000000ff917140,0x00000000ffb00000)
 Metaspace       used 13098K, capacity 13482K, committed 13824K, reserved 1060864K
  class space    used 1568K, capacity 1660K, committed 1792K, reserved 1048576K
2022-03-28T22:54:41.480+0800: 236.360: [GC (Allocation Failure) 2022-03-28T22:54:41.480+0800: 236.360: [SoftReference, 0 refs, 0.0000274 secs]2022-03-28T22:54:41.480+0800: 236.360: [WeakReference, 0 refs, 0.0000074 secs]2022-03-28T22:54:41.480+0800: 236.360: [FinalReference, 0 refs, 0.0000068 secs]2022-03-28T22:54:41.480+0800: 236.360: [PhantomReference, 0 refs, 0 refs, 0.0000073 secs]2022-03-28T22:54:41.480+0800: 236.360: [JNI Weak Reference, 0.0000097 secs]
Desired survivor size 524288 bytes, new threshold 1 (max 5)
[PSYoungGen: 4021K->0K(4608K)] 7185K->3164K(9728K), 0.0007425 secs] [Times: user=0.00 sys=0.00, real=0.00 secs] 
Heap after GC invocations=34 (full 2):
 PSYoungGen      total 4608K, used 0K [0x00000000ffb00000, 0x0000000100000000, 0x0000000100000000)
  eden space 4096K, 0% used [0x00000000ffb00000,0x00000000ffb00000,0x00000000fff00000)
  from space 512K, 0% used [0x00000000fff80000,0x00000000fff80000,0x0000000100000000)
  to   space 512K, 0% used [0x00000000fff00000,0x00000000fff00000,0x00000000fff80000)
 ParOldGen       total 5120K, used 3164K [0x00000000ff600000, 0x00000000ffb00000, 0x00000000ffb00000)
  object space 5120K, 61% used [0x00000000ff600000,0x00000000ff917140,0x00000000ffb00000)
 Metaspace       used 13098K, capacity 13482K, committed 13824K, reserved 1060864K
  class space    used 1568K, capacity 1660K, committed 1792K, reserved 1048576K
}
2022-03-28T22:54:41.481+0800: 236.361: Total time for which application threads were stopped: 0.0009349 seconds, Stopping threads took: 0.0000308 seconds
2022-03-28T22:54:41.673+0800: 236.553: Total time for which application threads were stopped: 0.0001173 seconds, Stopping threads took: 0.0000273 seconds
2022-03-28T22:54:41.674+0800: 236.554: Total time for which application threads were stopped: 0.0000994 seconds, Stopping threads took: 0.0000266 seconds
2022-03-28T22:54:42.680+0800: 237.560: Total time for which application threads were stopped: 0.0001014 seconds, Stopping threads took: 0.0000240 seconds
2022-03-28T22:54:43.686+0800: 238.566: Total time for which application threads were stopped: 0.0001081 seconds, Stopping threads took: 0.0000259 seconds
2022-03-28T22:54:44.692+0800: 239.572: Total time for which application threads were stopped: 0.0001206 seconds, Stopping threads took: 0.0000300 seconds
2022-03-28T22:54:45.700+0800: 240.581: Total time for which application threads were stopped: 0.0001192 seconds, Stopping threads took: 0.0000258 seconds
2022-03-28T22:54:46.708+0800: 241.588: Total time for which application threads were stopped: 0.0001107 seconds, Stopping threads took: 0.0000253 seconds
2022-03-28T22:54:47.710+0800: 242.590: Total time for which application threads were stopped: 0.0001054 seconds, Stopping threads took: 0.0000266 seconds
2022-03-28T22:54:48.711+0800: 243.591: Total time for which application threads were stopped: 0.0001301 seconds, Stopping threads took: 0.0000343 seconds
2022-03-28T22:54:49.715+0800: 244.595: Total time for which application threads were stopped: 0.0001327 seconds, Stopping threads took: 0.0000335 seconds
2022-03-28T22:54:49.716+0800: 244.596: Total time for which application threads were stopped: 0.0000936 seconds, Stopping threads took: 0.0000220 seconds
2022-03-28T22:54:50.721+0800: 245.602: Total time for which application threads were stopped: 0.0001622 seconds, Stopping threads took: 0.0000378 seconds
2022-03-28T22:54:51.731+0800: 246.610: Total time for which application threads were stopped: 0.0001359 seconds, Stopping threads took: 0.0000297 seconds
2022-03-28T22:54:51.732+0800: 246.612: Total time for which application threads were stopped: 0.0001337 seconds, Stopping threads took: 0.0000386 seconds
{Heap before GC invocations=35 (full 2):
 PSYoungGen      total 4608K, used 3773K [0x00000000ffb00000, 0x0000000100000000, 0x0000000100000000)
  eden space 4096K, 92% used [0x00000000ffb00000,0x00000000ffeaf4b8,0x00000000fff00000)
  from space 512K, 0% used [0x00000000fff80000,0x00000000fff80000,0x0000000100000000)
  to   space 512K, 0% used [0x00000000fff00000,0x00000000fff00000,0x00000000fff80000)
 ParOldGen       total 5120K, used 3164K [0x00000000ff600000, 0x00000000ffb00000, 0x00000000ffb00000)
  object space 5120K, 61% used [0x00000000ff600000,0x00000000ff917140,0x00000000ffb00000)
 Metaspace       used 13111K, capacity 13482K, committed 13824K, reserved 1060864K
  class space    used 1568K, capacity 1660K, committed 1792K, reserved 1048576K
2022-03-28T22:54:52.541+0800: 247.421: [GC (Allocation Failure) 2022-03-28T22:54:52.541+0800: 247.421: [SoftReference, 0 refs, 0.0000448 secs]2022-03-28T22:54:52.541+0800: 247.421: [WeakReference, 0 refs, 0.0000116 secs]2022-03-28T22:54:52.541+0800: 247.421: [FinalReference, 0 refs, 0.0000098 secs]2022-03-28T22:54:52.541+0800: 247.421: [PhantomReference, 0 refs, 0 refs, 0.0000107 secs]2022-03-28T22:54:52.541+0800: 247.421: [JNI Weak Reference, 0.0000127 secs]
Desired survivor size 524288 bytes, new threshold 1 (max 5)
[PSYoungGen: 3773K->32K(4608K)] 6937K->3204K(9728K), 0.0008913 secs] [Times: user=0.00 sys=0.00, real=0.00 secs] 
Heap after GC invocations=35 (full 2):
 PSYoungGen      total 4608K, used 32K [0x00000000ffb00000, 0x0000000100000000, 0x0000000100000000)
  eden space 4096K, 0% used [0x00000000ffb00000,0x00000000ffb00000,0x00000000fff00000)
  from space 512K, 6% used [0x00000000fff00000,0x00000000fff08000,0x00000000fff80000)
  to   space 512K, 0% used [0x00000000fff80000,0x00000000fff80000,0x0000000100000000)
 ParOldGen       total 5120K, used 3172K [0x00000000ff600000, 0x00000000ffb00000, 0x00000000ffb00000)
  object space 5120K, 61% used [0x00000000ff600000,0x00000000ff919140,0x00000000ffb00000)
 Metaspace       used 13111K, capacity 13482K, committed 13824K, reserved 1060864K
  class space    used 1568K, capacity 1660K, committed 1792K, reserved 1048576K
}
2022-03-28T22:54:52.542+0800: 247.422: Total time for which application threads were stopped: 0.0011639 seconds, Stopping threads took: 0.0000380 seconds
2022-03-28T22:54:52.733+0800: 247.613: Total time for which application threads were stopped: 0.0001168 seconds, Stopping threads took: 0.0000253 seconds
2022-03-28T22:54:53.737+0800: 248.617: Total time for which application threads were stopped: 0.0001206 seconds, Stopping threads took: 0.0000262 seconds
2022-03-28T22:54:54.745+0800: 249.625: Total time for which application threads were stopped: 0.0001063 seconds, Stopping threads took: 0.0000320 seconds
2022-03-28T22:54:55.753+0800: 250.633: Total time for which application threads were stopped: 0.0001204 seconds, Stopping threads took: 0.0000267 seconds
2022-03-28T22:54:56.761+0800: 251.641: Total time for which application threads were stopped: 0.0001011 seconds, Stopping threads took: 0.0000245 seconds
2022-03-28T22:54:57.768+0800: 252.648: Total time for which application threads were stopped: 0.0001253 seconds, Stopping threads took: 0.0000277 seconds
2022-03-28T22:54:58.775+0800: 253.655: Total time for which application threads were stopped: 0.0001348 seconds, Stopping threads took: 0.0000274 seconds
2022-03-28T22:54:59.779+0800: 254.659: Total time for which application threads were stopped: 0.0001154 seconds, Stopping threads took: 0.0000248 seconds
{Heap before GC invocations=36 (full 2):
 PSYoungGen      total 4608K, used 3839K [0x00000000ffb00000, 0x0000000100000000, 0x0000000100000000)
  eden space 4096K, 92% used [0x00000000ffb00000,0x00000000ffeb7df0,0x00000000fff00000)
  from space 512K, 6% used [0x00000000fff00000,0x00000000fff08000,0x00000000fff80000)
  to   space 512K, 0% used [0x00000000fff80000,0x00000000fff80000,0x0000000100000000)
 ParOldGen       total 5120K, used 3172K [0x00000000ff600000, 0x00000000ffb00000, 0x00000000ffb00000)
  object space 5120K, 61% used [0x00000000ff600000,0x00000000ff919140,0x00000000ffb00000)
 Metaspace       used 13111K, capacity 13482K, committed 13824K, reserved 1060864K
  class space    used 1568K, capacity 1660K, committed 1792K, reserved 1048576K
2022-03-28T22:55:00.593+0800: 255.473: [GC (Allocation Failure) 2022-03-28T22:55:00.593+0800: 255.474: [SoftReference, 0 refs, 0.0000562 secs]2022-03-28T22:55:00.593+0800: 255.474: [WeakReference, 0 refs, 0.0000097 secs]2022-03-28T22:55:00.593+0800: 255.474: [FinalReference, 0 refs, 0.0000090 secs]2022-03-28T22:55:00.593+0800: 255.474: [PhantomReference, 0 refs, 0 refs, 0.0000093 secs]2022-03-28T22:55:00.594+0800: 255.474: [JNI Weak Reference, 0.0000134 secs]
Desired survivor size 524288 bytes, new threshold 1 (max 5)
[PSYoungGen: 3839K->0K(4608K)] 7011K->3204K(9728K), 0.0010290 secs] [Times: user=0.00 sys=0.00, real=0.00 secs] 
Heap after GC invocations=36 (full 2):
 PSYoungGen      total 4608K, used 0K [0x00000000ffb00000, 0x0000000100000000, 0x0000000100000000)
  eden space 4096K, 0% used [0x00000000ffb00000,0x00000000ffb00000,0x00000000fff00000)
  from space 512K, 0% used [0x00000000fff80000,0x00000000fff80000,0x0000000100000000)
  to   space 512K, 0% used [0x00000000fff00000,0x00000000fff00000,0x00000000fff80000)
 ParOldGen       total 5120K, used 3204K [0x00000000ff600000, 0x00000000ffb00000, 0x00000000ffb00000)
  object space 5120K, 62% used [0x00000000ff600000,0x00000000ff921140,0x00000000ffb00000)
 Metaspace       used 13111K, capacity 13482K, committed 13824K, reserved 1060864K
  class space    used 1568K, capacity 1660K, committed 1792K, reserved 1048576K
}
2022-03-28T22:55:00.594+0800: 255.475: Total time for which application threads were stopped: 0.0013300 seconds, Stopping threads took: 0.0000703 seconds
2022-03-28T22:55:00.784+0800: 255.665: Total time for which application threads were stopped: 0.0000946 seconds, Stopping threads took: 0.0000215 seconds
2022-03-28T22:55:01.786+0800: 256.666: Total time for which application threads were stopped: 0.0001484 seconds, Stopping threads took: 0.0000395 seconds
2022-03-28T22:55:01.787+0800: 256.668: Total time for which application threads were stopped: 0.0001103 seconds, Stopping threads took: 0.0000260 seconds
2022-03-28T22:55:01.788+0800: 256.669: Total time for which application threads were stopped: 0.0000691 seconds, Stopping threads took: 0.0000191 seconds
2022-03-28T22:55:02.791+0800: 257.672: Total time for which application threads were stopped: 0.0001090 seconds, Stopping threads took: 0.0000235 seconds
2022-03-28T22:55:03.795+0800: 258.675: Total time for which application threads were stopped: 0.0000985 seconds, Stopping threads took: 0.0000226 seconds
2022-03-28T22:55:04.801+0800: 259.681: Total time for which application threads were stopped: 0.0001246 seconds, Stopping threads took: 0.0000362 seconds
2022-03-28T22:55:05.802+0800: 260.682: Total time for which application threads were stopped: 0.0001377 seconds, Stopping threads took: 0.0000273 seconds
2022-03-28T22:55:06.805+0800: 261.685: Total time for which application threads were stopped: 0.0001183 seconds, Stopping threads took: 0.0000263 seconds
2022-03-28T22:55:07.813+0800: 262.693: Total time for which application threads were stopped: 0.0001065 seconds, Stopping threads took: 0.0000238 seconds
2022-03-28T22:55:08.819+0800: 263.699: Total time for which application threads were stopped: 0.0001123 seconds, Stopping threads took: 0.0000235 seconds
2022-03-28T22:55:09.825+0800: 264.705: Total time for which application threads were stopped: 0.0001020 seconds, Stopping threads took: 0.0000246 seconds
2022-03-28T22:55:10.832+0800: 265.712: Total time for which application threads were stopped: 0.0001328 seconds, Stopping threads took: 0.0000378 seconds
2022-03-28T22:55:11.839+0800: 266.719: Total time for which application threads were stopped: 0.0001327 seconds, Stopping threads took: 0.0000371 seconds
2022-03-28T22:55:11.840+0800: 266.720: Total time for which application threads were stopped: 0.0001067 seconds, Stopping threads took: 0.0000234 seconds
2022-03-28T22:55:11.841+0800: 266.721: Total time for which application threads were stopped: 0.0001136 seconds, Stopping threads took: 0.0000289 seconds
2022-03-28T22:55:12.848+0800: 267.728: Total time for which application threads were stopped: 0.0000990 seconds, Stopping threads took: 0.0000230 seconds
{Heap before GC invocations=37 (full 2):
 PSYoungGen      total 4608K, used 4042K [0x00000000ffb00000, 0x0000000100000000, 0x0000000100000000)
  eden space 4096K, 98% used [0x00000000ffb00000,0x00000000ffef2900,0x00000000fff00000)
  from space 512K, 0% used [0x00000000fff80000,0x00000000fff80000,0x0000000100000000)
  to   space 512K, 0% used [0x00000000fff00000,0x00000000fff00000,0x00000000fff80000)
 ParOldGen       total 5120K, used 3204K [0x00000000ff600000, 0x00000000ffb00000, 0x00000000ffb00000)
  object space 5120K, 62% used [0x00000000ff600000,0x00000000ff921140,0x00000000ffb00000)
 Metaspace       used 13120K, capacity 13546K, committed 13824K, reserved 1060864K
  class space    used 1568K, capacity 1660K, committed 1792K, reserved 1048576K
2022-03-28T22:55:13.661+0800: 268.541: [GC (Allocation Failure) 2022-03-28T22:55:13.661+0800: 268.542: [SoftReference, 0 refs, 0.0000327 secs]2022-03-28T22:55:13.661+0800: 268.542: [WeakReference, 0 refs, 0.0000106 secs]2022-03-28T22:55:13.661+0800: 268.542: [FinalReference, 0 refs, 0.0000102 secs]2022-03-28T22:55:13.661+0800: 268.542: [PhantomReference, 0 refs, 0 refs, 0.0000105 secs]2022-03-28T22:55:13.661+0800: 268.542: [JNI Weak Reference, 0.0000124 secs]
Desired survivor size 524288 bytes, new threshold 1 (max 5)
[PSYoungGen: 4042K->32K(4608K)] 7246K->3244K(9728K), 0.0008704 secs] [Times: user=0.00 sys=0.00, real=0.00 secs] 
Heap after GC invocations=37 (full 2):
 PSYoungGen      total 4608K, used 32K [0x00000000ffb00000, 0x0000000100000000, 0x0000000100000000)
  eden space 4096K, 0% used [0x00000000ffb00000,0x00000000ffb00000,0x00000000fff00000)
  from space 512K, 6% used [0x00000000fff00000,0x00000000fff08000,0x00000000fff80000)
  to   space 512K, 0% used [0x00000000fff80000,0x00000000fff80000,0x0000000100000000)
 ParOldGen       total 5120K, used 3212K [0x00000000ff600000, 0x00000000ffb00000, 0x00000000ffb00000)
  object space 5120K, 62% used [0x00000000ff600000,0x00000000ff923140,0x00000000ffb00000)
 Metaspace       used 13120K, capacity 13546K, committed 13824K, reserved 1060864K
  class space    used 1568K, capacity 1660K, committed 1792K, reserved 1048576K
}
2022-03-28T22:55:13.662+0800: 268.542: Total time for which application threads were stopped: 0.0012685 seconds, Stopping threads took: 0.0000381 seconds
2022-03-28T22:55:13.853+0800: 268.733: Total time for which application threads were stopped: 0.0001195 seconds, Stopping threads took: 0.0000258 seconds
2022-03-28T22:55:14.859+0800: 269.739: Total time for which application threads were stopped: 0.0001148 seconds, Stopping threads took: 0.0000313 seconds
2022-03-28T22:55:15.865+0800: 270.746: Total time for which application threads were stopped: 0.0001024 seconds, Stopping threads took: 0.0000235 seconds
2022-03-28T22:55:16.867+0800: 271.748: Total time for which application threads were stopped: 0.0001080 seconds, Stopping threads took: 0.0000232 seconds
2022-03-28T22:55:17.872+0800: 272.752: Total time for which application threads were stopped: 0.0001314 seconds, Stopping threads took: 0.0000336 seconds
2022-03-28T22:55:18.878+0800: 273.758: Total time for which application threads were stopped: 0.0001092 seconds, Stopping threads took: 0.0000279 seconds
2022-03-28T22:55:19.884+0800: 274.764: Total time for which application threads were stopped: 0.0001279 seconds, Stopping threads took: 0.0000257 seconds
2022-03-28T22:55:20.889+0800: 275.769: Total time for which application threads were stopped: 0.0001309 seconds, Stopping threads took: 0.0000269 seconds
2022-03-28T22:55:21.897+0800: 276.777: Total time for which application threads were stopped: 0.0001303 seconds, Stopping threads took: 0.0000275 seconds
2022-03-28T22:55:21.898+0800: 276.778: Total time for which application threads were stopped: 0.0001038 seconds, Stopping threads took: 0.0000235 seconds
2022-03-28T22:55:22.914+0800: 277.794: Total time for which application threads were stopped: 0.0001424 seconds, Stopping threads took: 0.0000340 seconds
{Heap before GC invocations=38 (full 2):
 PSYoungGen      total 4608K, used 4112K [0x00000000ffb00000, 0x0000000100000000, 0x0000000100000000)
  eden space 4096K, 99% used [0x00000000ffb00000,0x00000000ffefc3d0,0x00000000fff00000)
  from space 512K, 6% used [0x00000000fff00000,0x00000000fff08000,0x00000000fff80000)
  to   space 512K, 0% used [0x00000000fff80000,0x00000000fff80000,0x0000000100000000)
 ParOldGen       total 5120K, used 3212K [0x00000000ff600000, 0x00000000ffb00000, 0x00000000ffb00000)
  object space 5120K, 62% used [0x00000000ff600000,0x00000000ff923140,0x00000000ffb00000)
 Metaspace       used 13124K, capacity 13546K, committed 13824K, reserved 1060864K
  class space    used 1568K, capacity 1660K, committed 1792K, reserved 1048576K
2022-03-28T22:55:23.708+0800: 278.588: [GC (Allocation Failure) 2022-03-28T22:55:23.708+0800: 278.588: [SoftReference, 0 refs, 0.0000154 secs]2022-03-28T22:55:23.708+0800: 278.588: [WeakReference, 0 refs, 0.0000075 secs]2022-03-28T22:55:23.708+0800: 278.588: [FinalReference, 0 refs, 0.0000070 secs]2022-03-28T22:55:23.708+0800: 278.588: [PhantomReference, 0 refs, 0 refs, 0.0000074 secs]2022-03-28T22:55:23.708+0800: 278.588: [JNI Weak Reference, 0.0000091 secs]
Desired survivor size 524288 bytes, new threshold 1 (max 5)
[PSYoungGen: 4112K->64K(4608K)] 7325K->3292K(9728K), 0.0007166 secs] [Times: user=0.00 sys=0.00, real=0.00 secs] 
Heap after GC invocations=38 (full 2):
 PSYoungGen      total 4608K, used 64K [0x00000000ffb00000, 0x0000000100000000, 0x0000000100000000)
  eden space 4096K, 0% used [0x00000000ffb00000,0x00000000ffb00000,0x00000000fff00000)
  from space 512K, 12% used [0x00000000fff80000,0x00000000fff90000,0x0000000100000000)
  to   space 512K, 0% used [0x00000000fff00000,0x00000000fff00000,0x00000000fff80000)
 ParOldGen       total 5120K, used 3228K [0x00000000ff600000, 0x00000000ffb00000, 0x00000000ffb00000)
  object space 5120K, 63% used [0x00000000ff600000,0x00000000ff927140,0x00000000ffb00000)
 Metaspace       used 13124K, capacity 13546K, committed 13824K, reserved 1060864K
  class space    used 1568K, capacity 1660K, committed 1792K, reserved 1048576K
}
2022-03-28T22:55:23.708+0800: 278.589: Total time for which application threads were stopped: 0.0009048 seconds, Stopping threads took: 0.0000347 seconds
2022-03-28T22:55:23.917+0800: 278.797: Total time for which application threads were stopped: 0.0001750 seconds, Stopping threads took: 0.0000364 seconds
2022-03-28T22:55:24.923+0800: 279.803: Total time for which application threads were stopped: 0.0001041 seconds, Stopping threads took: 0.0000247 seconds
2022-03-28T22:55:25.929+0800: 280.809: Total time for which application threads were stopped: 0.0000959 seconds, Stopping threads took: 0.0000201 seconds
2022-03-28T22:55:26.932+0800: 281.812: Total time for which application threads were stopped: 0.0001030 seconds, Stopping threads took: 0.0000240 seconds
2022-03-28T22:55:27.937+0800: 282.818: Total time for which application threads were stopped: 0.0001039 seconds, Stopping threads took: 0.0000234 seconds
2022-03-28T22:55:28.951+0800: 283.831: Total time for which application threads were stopped: 0.0000952 seconds, Stopping threads took: 0.0000212 seconds
2022-03-28T22:55:29.959+0800: 284.839: Total time for which application threads were stopped: 0.0001111 seconds, Stopping threads took: 0.0000252 seconds
2022-03-28T22:55:30.966+0800: 285.846: Total time for which application threads were stopped: 0.0001045 seconds, Stopping threads took: 0.0000289 seconds
2022-03-28T22:55:31.966+0800: 286.846: Total time for which application threads were stopped: 0.0001414 seconds, Stopping threads took: 0.0000282 seconds
2022-03-28T22:55:31.968+0800: 286.848: Total time for which application threads were stopped: 0.0001120 seconds, Stopping threads took: 0.0000306 seconds
2022-03-28T22:55:32.981+0800: 287.861: Total time for which application threads were stopped: 0.0001609 seconds, Stopping threads took: 0.0000474 seconds
{Heap before GC invocations=39 (full 2):
 PSYoungGen      total 4608K, used 4124K [0x00000000ffb00000, 0x0000000100000000, 0x0000000100000000)
  eden space 4096K, 99% used [0x00000000ffb00000,0x00000000ffef73f8,0x00000000fff00000)
  from space 512K, 12% used [0x00000000fff80000,0x00000000fff90000,0x0000000100000000)
  to   space 512K, 0% used [0x00000000fff00000,0x00000000fff00000,0x00000000fff80000)
 ParOldGen       total 5120K, used 3228K [0x00000000ff600000, 0x00000000ffb00000, 0x00000000ffb00000)
  object space 5120K, 63% used [0x00000000ff600000,0x00000000ff927140,0x00000000ffb00000)
 Metaspace       used 13130K, capacity 13546K, committed 13824K, reserved 1060864K
  class space    used 1568K, capacity 1660K, committed 1792K, reserved 1048576K
2022-03-28T22:55:33.779+0800: 288.659: [GC (Allocation Failure) 2022-03-28T22:55:33.780+0800: 288.660: [SoftReference, 0 refs, 0.0000487 secs]2022-03-28T22:55:33.780+0800: 288.660: [WeakReference, 0 refs, 0.0000079 secs]2022-03-28T22:55:33.780+0800: 288.660: [FinalReference, 0 refs, 0.0000070 secs]2022-03-28T22:55:33.780+0800: 288.660: [PhantomReference, 0 refs, 0 refs, 0.0000074 secs]2022-03-28T22:55:33.780+0800: 288.660: [JNI Weak Reference, 0.0000099 secs]
Desired survivor size 524288 bytes, new threshold 1 (max 5)
[PSYoungGen: 4124K->96K(4608K)] 7353K->3348K(9728K), 0.0008321 secs] [Times: user=0.00 sys=0.00, real=0.00 secs] 
Heap after GC invocations=39 (full 2):
 PSYoungGen      total 4608K, used 96K [0x00000000ffb00000, 0x0000000100000000, 0x0000000100000000)
  eden space 4096K, 0% used [0x00000000ffb00000,0x00000000ffb00000,0x00000000fff00000)
  from space 512K, 18% used [0x00000000fff00000,0x00000000fff18000,0x00000000fff80000)
  to   space 512K, 0% used [0x00000000fff80000,0x00000000fff80000,0x0000000100000000)
 ParOldGen       total 5120K, used 3252K [0x00000000ff600000, 0x00000000ffb00000, 0x00000000ffb00000)
  object space 5120K, 63% used [0x00000000ff600000,0x00000000ff92d140,0x00000000ffb00000)
 Metaspace       used 13130K, capacity 13546K, committed 13824K, reserved 1060864K
  class space    used 1568K, capacity 1660K, committed 1792K, reserved 1048576K
}
2022-03-28T22:55:33.780+0800: 288.660: Total time for which application threads were stopped: 0.0010806 seconds, Stopping threads took: 0.0000408 seconds
2022-03-28T22:55:33.988+0800: 288.868: Total time for which application threads were stopped: 0.0001041 seconds, Stopping threads took: 0.0000244 seconds
2022-03-28T22:55:34.992+0800: 289.873: Total time for which application threads were stopped: 0.0001287 seconds, Stopping threads took: 0.0000287 seconds
2022-03-28T22:55:35.995+0800: 290.875: Total time for which application threads were stopped: 0.0001025 seconds, Stopping threads took: 0.0000245 seconds
2022-03-28T22:55:37.000+0800: 291.881: Total time for which application threads were stopped: 0.0001223 seconds, Stopping threads took: 0.0000268 seconds
2022-03-28T22:55:38.003+0800: 292.883: Total time for which application threads were stopped: 0.0001011 seconds, Stopping threads took: 0.0000267 seconds
2022-03-28T22:55:39.006+0800: 293.886: Total time for which application threads were stopped: 0.0001241 seconds, Stopping threads took: 0.0000378 seconds
2022-03-28T22:55:40.014+0800: 294.894: Total time for which application threads were stopped: 0.0001004 seconds, Stopping threads took: 0.0000236 seconds
2022-03-28T22:55:41.020+0800: 295.900: Total time for which application threads were stopped: 0.0001395 seconds, Stopping threads took: 0.0000339 seconds
2022-03-28T22:55:42.024+0800: 296.904: Total time for which application threads were stopped: 0.0001074 seconds, Stopping threads took: 0.0000250 seconds
2022-03-28T22:55:42.025+0800: 296.905: Total time for which application threads were stopped: 0.0000903 seconds, Stopping threads took: 0.0000271 seconds
2022-03-28T22:55:43.032+0800: 297.913: Total time for which application threads were stopped: 0.0001269 seconds, Stopping threads took: 0.0000260 seconds
{Heap before GC invocations=40 (full 2):
 PSYoungGen      total 4608K, used 3875K [0x00000000ffb00000, 0x0000000100000000, 0x0000000100000000)
  eden space 4096K, 92% used [0x00000000ffb00000,0x00000000ffeb0f48,0x00000000fff00000)
  from space 512K, 18% used [0x00000000fff00000,0x00000000fff18000,0x00000000fff80000)
  to   space 512K, 0% used [0x00000000fff80000,0x00000000fff80000,0x0000000100000000)
 ParOldGen       total 5120K, used 3252K [0x00000000ff600000, 0x00000000ffb00000, 0x00000000ffb00000)
  object space 5120K, 63% used [0x00000000ff600000,0x00000000ff92d140,0x00000000ffb00000)
 Metaspace       used 13140K, capacity 13546K, committed 13824K, reserved 1060864K
  class space    used 1568K, capacity 1660K, committed 1792K, reserved 1048576K
2022-03-28T22:55:43.831+0800: 298.711: [GC (Allocation Failure) 2022-03-28T22:55:43.831+0800: 298.711: [SoftReference, 0 refs, 0.0000345 secs]2022-03-28T22:55:43.831+0800: 298.711: [WeakReference, 0 refs, 0.0000108 secs]2022-03-28T22:55:43.831+0800: 298.711: [FinalReference, 0 refs, 0.0000101 secs]2022-03-28T22:55:43.831+0800: 298.711: [PhantomReference, 0 refs, 0 refs, 0.0000105 secs]2022-03-28T22:55:43.831+0800: 298.711: [JNI Weak Reference, 0.0000129 secs]
Desired survivor size 524288 bytes, new threshold 1 (max 5)
[PSYoungGen: 3875K->96K(4608K)] 7128K->3388K(9728K), 0.0008574 secs] [Times: user=0.00 sys=0.00, real=0.00 secs] 
Heap after GC invocations=40 (full 2):
 PSYoungGen      total 4608K, used 96K [0x00000000ffb00000, 0x0000000100000000, 0x0000000100000000)
  eden space 4096K, 0% used [0x00000000ffb00000,0x00000000ffb00000,0x00000000fff00000)
  from space 512K, 18% used [0x00000000fff80000,0x00000000fff98000,0x0000000100000000)
  to   space 512K, 0% used [0x00000000fff00000,0x00000000fff00000,0x00000000fff80000)
 ParOldGen       total 5120K, used 3292K [0x00000000ff600000, 0x00000000ffb00000, 0x00000000ffb00000)
  object space 5120K, 64% used [0x00000000ff600000,0x00000000ff937140,0x00000000ffb00000)
 Metaspace       used 13140K, capacity 13546K, committed 13824K, reserved 1060864K
  class space    used 1568K, capacity 1660K, committed 1792K, reserved 1048576K
}
2022-03-28T22:55:43.832+0800: 298.712: Total time for which application threads were stopped: 0.0010658 seconds, Stopping threads took: 0.0000288 seconds
2022-03-28T22:55:44.038+0800: 298.918: Total time for which application threads were stopped: 0.0001043 seconds, Stopping threads took: 0.0000206 seconds
2022-03-28T22:55:45.043+0800: 299.923: Total time for which application threads were stopped: 0.0001056 seconds, Stopping threads took: 0.0000249 seconds
2022-03-28T22:55:46.046+0800: 300.926: Total time for which application threads were stopped: 0.0001551 seconds, Stopping threads took: 0.0000403 seconds
2022-03-28T22:55:47.053+0800: 301.933: Total time for which application threads were stopped: 0.0001452 seconds, Stopping threads took: 0.0000272 seconds
2022-03-28T22:55:48.055+0800: 302.936: Total time for which application threads were stopped: 0.0001379 seconds, Stopping threads took: 0.0000305 seconds
2022-03-28T22:55:49.067+0800: 303.948: Total time for which application threads were stopped: 0.0001060 seconds, Stopping threads took: 0.0000262 seconds
2022-03-28T22:55:50.069+0800: 304.950: Total time for which application threads were stopped: 0.0001138 seconds, Stopping threads took: 0.0000240 seconds
2022-03-28T22:55:51.072+0800: 305.953: Total time for which application threads were stopped: 0.0001312 seconds, Stopping threads took: 0.0000334 seconds
2022-03-28T22:55:52.075+0800: 306.955: Total time for which application threads were stopped: 0.0001056 seconds, Stopping threads took: 0.0000245 seconds
2022-03-28T22:55:52.076+0800: 306.956: Total time for which application threads were stopped: 0.0000848 seconds, Stopping threads took: 0.0000223 seconds
2022-03-28T22:55:53.075+0800: 307.955: Total time for which application threads were stopped: 0.0001347 seconds, Stopping threads took: 0.0000273 seconds
{Heap before GC invocations=41 (full 2):
 PSYoungGen      total 4608K, used 4102K [0x00000000ffb00000, 0x0000000100000000, 0x0000000100000000)
  eden space 4096K, 97% used [0x00000000ffb00000,0x00000000ffee9b30,0x00000000fff00000)
  from space 512K, 18% used [0x00000000fff80000,0x00000000fff98000,0x0000000100000000)
  to   space 512K, 0% used [0x00000000fff00000,0x00000000fff00000,0x00000000fff80000)
 ParOldGen       total 5120K, used 3292K [0x00000000ff600000, 0x00000000ffb00000, 0x00000000ffb00000)
  object space 5120K, 64% used [0x00000000ff600000,0x00000000ff937140,0x00000000ffb00000)
 Metaspace       used 13140K, capacity 13546K, committed 13824K, reserved 1060864K
  class space    used 1568K, capacity 1660K, committed 1792K, reserved 1048576K
2022-03-28T22:55:53.885+0800: 308.765: [GC (Allocation Failure) 2022-03-28T22:55:53.885+0800: 308.765: [SoftReference, 0 refs, 0.0000255 secs]2022-03-28T22:55:53.885+0800: 308.765: [WeakReference, 0 refs, 0.0000077 secs]2022-03-28T22:55:53.885+0800: 308.765: [FinalReference, 0 refs, 0.0000070 secs]2022-03-28T22:55:53.885+0800: 308.765: [PhantomReference, 0 refs, 0 refs, 0.0000074 secs]2022-03-28T22:55:53.885+0800: 308.765: [JNI Weak Reference, 0.0000095 secs]
Desired survivor size 524288 bytes, new threshold 1 (max 5)
[PSYoungGen: 4102K->128K(4608K)] 7395K->3444K(9728K), 0.0007916 secs] [Times: user=0.00 sys=0.00, real=0.00 secs] 
